<?xml version="1.0" encoding="ISO-8859-1" ?>
<link_info>
   <banner>TI ARM Linker PC v18.12.2.LTS</banner>
   <copyright>Copyright (c) 1996-2018 Texas Instruments Incorporated</copyright>
   <link_time>0x5e5014fd</link_time>
   <link_errors>0x0</link_errors>
   <output_file>Lab4.1.out</output_file>
   <entry_point>
      <name>_c_int00_noargs</name>
      <address>0x5179</address>
   </entry_point>
   <input_file_list>
      <input_file id="fl-2">
         <path>.\</path>
         <kind>object</kind>
         <file>LED.obj</file>
         <name>LED.obj</name>
      </input_file>
      <input_file id="fl-3">
         <path>.\</path>
         <kind>object</kind>
         <file>Timer.obj</file>
         <name>Timer.obj</name>
      </input_file>
      <input_file id="fl-4">
         <path>.\</path>
         <kind>object</kind>
         <file>button.obj</file>
         <name>button.obj</name>
      </input_file>
      <input_file id="fl-5">
         <path>.\</path>
         <kind>object</kind>
         <file>data.obj</file>
         <name>data.obj</name>
      </input_file>
      <input_file id="fl-6">
         <path>.\</path>
         <kind>object</kind>
         <file>helloworld.obj</file>
         <name>helloworld.obj</name>
      </input_file>
      <input_file id="fl-7">
         <path>.\</path>
         <kind>object</kind>
         <file>lab4_template.obj</file>
         <name>lab4_template.obj</name>
      </input_file>
      <input_file id="fl-8">
         <path>.\</path>
         <kind>object</kind>
         <file>lcd.obj</file>
         <name>lcd.obj</name>
      </input_file>
      <input_file id="fl-9">
         <path>.\</path>
         <kind>object</kind>
         <file>open_interface.obj</file>
         <name>open_interface.obj</name>
      </input_file>
      <input_file id="fl-a">
         <path>.\</path>
         <kind>object</kind>
         <file>tm4c123gh6pm_startup_ccs.obj</file>
         <name>tm4c123gh6pm_startup_ccs.obj</name>
      </input_file>
      <input_file id="fl-11">
         <kind>object</kind>
         <file>&lt;internal&gt;</file>
         <name>&lt;internal&gt;</name>
      </input_file>
      <input_file id="fl-12">
         <path>..\</path>
         <kind>archive</kind>
         <file>libcybotScan.lib</file>
         <name>cyBot_Scan.obj</name>
      </input_file>
      <input_file id="fl-13">
         <path>..\</path>
         <kind>archive</kind>
         <file>libcybotScan.lib</file>
         <name>ir.obj</name>
      </input_file>
      <input_file id="fl-14">
         <path>..\</path>
         <kind>archive</kind>
         <file>libcybotScan.lib</file>
         <name>ping.obj</name>
      </input_file>
      <input_file id="fl-15">
         <path>..\</path>
         <kind>archive</kind>
         <file>libcybotScan.lib</file>
         <name>servo.obj</name>
      </input_file>
      <input_file id="fl-16">
         <path>..\</path>
         <kind>archive</kind>
         <file>libcybotUART.lib</file>
         <name>uart.obj</name>
      </input_file>
      <input_file id="fl-cc">
         <path>C:\ti\ccs910\ccs\tools\compiler\ti-cgt-arm_18.12.2.LTS\lib\</path>
         <kind>archive</kind>
         <file>rtsv7M4_T_le_v4SPD16_eabi.lib</file>
         <name>printf.c.obj</name>
      </input_file>
      <input_file id="fl-cd">
         <path>C:\ti\ccs910\ccs\tools\compiler\ti-cgt-arm_18.12.2.LTS\lib\</path>
         <kind>archive</kind>
         <file>rtsv7M4_T_le_v4SPD16_eabi.lib</file>
         <name>_printfi.c.obj</name>
      </input_file>
      <input_file id="fl-ce">
         <path>C:\ti\ccs910\ccs\tools\compiler\ti-cgt-arm_18.12.2.LTS\lib\</path>
         <kind>archive</kind>
         <file>rtsv7M4_T_le_v4SPD16_eabi.lib</file>
         <name>sprintf.c.obj</name>
      </input_file>
      <input_file id="fl-cf">
         <path>C:\ti\ccs910\ccs\tools\compiler\ti-cgt-arm_18.12.2.LTS\lib\</path>
         <kind>archive</kind>
         <file>rtsv7M4_T_le_v4SPD16_eabi.lib</file>
         <name>vsnprintf.c.obj</name>
      </input_file>
      <input_file id="fl-d0">
         <path>C:\ti\ccs910\ccs\tools\compiler\ti-cgt-arm_18.12.2.LTS\lib\</path>
         <kind>archive</kind>
         <file>rtsv7M4_T_le_v4SPD16_eabi.lib</file>
         <name>fscanf.c.obj</name>
      </input_file>
      <input_file id="fl-d1">
         <path>C:\ti\ccs910\ccs\tools\compiler\ti-cgt-arm_18.12.2.LTS\lib\</path>
         <kind>archive</kind>
         <file>rtsv7M4_T_le_v4SPD16_eabi.lib</file>
         <name>fflush.c.obj</name>
      </input_file>
      <input_file id="fl-d2">
         <path>C:\ti\ccs910\ccs\tools\compiler\ti-cgt-arm_18.12.2.LTS\lib\</path>
         <kind>archive</kind>
         <file>rtsv7M4_T_le_v4SPD16_eabi.lib</file>
         <name>fgetc.c.obj</name>
      </input_file>
      <input_file id="fl-d3">
         <path>C:\ti\ccs910\ccs\tools\compiler\ti-cgt-arm_18.12.2.LTS\lib\</path>
         <kind>archive</kind>
         <file>rtsv7M4_T_le_v4SPD16_eabi.lib</file>
         <name>fputc.c.obj</name>
      </input_file>
      <input_file id="fl-d4">
         <path>C:\ti\ccs910\ccs\tools\compiler\ti-cgt-arm_18.12.2.LTS\lib\</path>
         <kind>archive</kind>
         <file>rtsv7M4_T_le_v4SPD16_eabi.lib</file>
         <name>fputs.c.obj</name>
      </input_file>
      <input_file id="fl-d5">
         <path>C:\ti\ccs910\ccs\tools\compiler\ti-cgt-arm_18.12.2.LTS\lib\</path>
         <kind>archive</kind>
         <file>rtsv7M4_T_le_v4SPD16_eabi.lib</file>
         <name>_bufread.c.obj</name>
      </input_file>
      <input_file id="fl-d6">
         <path>C:\ti\ccs910\ccs\tools\compiler\ti-cgt-arm_18.12.2.LTS\lib\</path>
         <kind>archive</kind>
         <file>rtsv7M4_T_le_v4SPD16_eabi.lib</file>
         <name>_io_perm.c.obj</name>
      </input_file>
      <input_file id="fl-d7">
         <path>C:\ti\ccs910\ccs\tools\compiler\ti-cgt-arm_18.12.2.LTS\lib\</path>
         <kind>archive</kind>
         <file>rtsv7M4_T_le_v4SPD16_eabi.lib</file>
         <name>setvbuf.c.obj</name>
      </input_file>
      <input_file id="fl-d8">
         <path>C:\ti\ccs910\ccs\tools\compiler\ti-cgt-arm_18.12.2.LTS\lib\</path>
         <kind>archive</kind>
         <file>rtsv7M4_T_le_v4SPD16_eabi.lib</file>
         <name>ungetc.c.obj</name>
      </input_file>
      <input_file id="fl-d9">
         <path>C:\ti\ccs910\ccs\tools\compiler\ti-cgt-arm_18.12.2.LTS\lib\</path>
         <kind>archive</kind>
         <file>rtsv7M4_T_le_v4SPD16_eabi.lib</file>
         <name>s_frexp.c.obj</name>
      </input_file>
      <input_file id="fl-da">
         <path>C:\ti\ccs910\ccs\tools\compiler\ti-cgt-arm_18.12.2.LTS\lib\</path>
         <kind>archive</kind>
         <file>rtsv7M4_T_le_v4SPD16_eabi.lib</file>
         <name>s_scalbn.c.obj</name>
      </input_file>
      <input_file id="fl-db">
         <path>C:\ti\ccs910\ccs\tools\compiler\ti-cgt-arm_18.12.2.LTS\lib\</path>
         <kind>archive</kind>
         <file>rtsv7M4_T_le_v4SPD16_eabi.lib</file>
         <name>ull_div_t2.asm.obj</name>
      </input_file>
      <input_file id="fl-dc">
         <path>C:\ti\ccs910\ccs\tools\compiler\ti-cgt-arm_18.12.2.LTS\lib\</path>
         <kind>archive</kind>
         <file>rtsv7M4_T_le_v4SPD16_eabi.lib</file>
         <name>memset_t2.asm.obj</name>
      </input_file>
      <input_file id="fl-dd">
         <path>C:\ti\ccs910\ccs\tools\compiler\ti-cgt-arm_18.12.2.LTS\lib\</path>
         <kind>archive</kind>
         <file>rtsv7M4_T_le_v4SPD16_eabi.lib</file>
         <name>fd_add_t2.asm.obj</name>
      </input_file>
      <input_file id="fl-de">
         <path>C:\ti\ccs910\ccs\tools\compiler\ti-cgt-arm_18.12.2.LTS\lib\</path>
         <kind>archive</kind>
         <file>rtsv7M4_T_le_v4SPD16_eabi.lib</file>
         <name>fd_cmp_t2.asm.obj</name>
      </input_file>
      <input_file id="fl-df">
         <path>C:\ti\ccs910\ccs\tools\compiler\ti-cgt-arm_18.12.2.LTS\lib\</path>
         <kind>archive</kind>
         <file>rtsv7M4_T_le_v4SPD16_eabi.lib</file>
         <name>fd_div_t2.asm.obj</name>
      </input_file>
      <input_file id="fl-e0">
         <path>C:\ti\ccs910\ccs\tools\compiler\ti-cgt-arm_18.12.2.LTS\lib\</path>
         <kind>archive</kind>
         <file>rtsv7M4_T_le_v4SPD16_eabi.lib</file>
         <name>fd_mul_t2.asm.obj</name>
      </input_file>
      <input_file id="fl-e1">
         <path>C:\ti\ccs910\ccs\tools\compiler\ti-cgt-arm_18.12.2.LTS\lib\</path>
         <kind>archive</kind>
         <file>rtsv7M4_T_le_v4SPD16_eabi.lib</file>
         <name>fd_toi_t2.asm.obj</name>
      </input_file>
      <input_file id="fl-e2">
         <path>C:\ti\ccs910\ccs\tools\compiler\ti-cgt-arm_18.12.2.LTS\lib\</path>
         <kind>archive</kind>
         <file>rtsv7M4_T_le_v4SPD16_eabi.lib</file>
         <name>fd_tos_t2.asm.obj</name>
      </input_file>
      <input_file id="fl-e3">
         <path>C:\ti\ccs910\ccs\tools\compiler\ti-cgt-arm_18.12.2.LTS\lib\</path>
         <kind>archive</kind>
         <file>rtsv7M4_T_le_v4SPD16_eabi.lib</file>
         <name>fs_tod_t2.asm.obj</name>
      </input_file>
      <input_file id="fl-e4">
         <path>C:\ti\ccs910\ccs\tools\compiler\ti-cgt-arm_18.12.2.LTS\lib\</path>
         <kind>archive</kind>
         <file>rtsv7M4_T_le_v4SPD16_eabi.lib</file>
         <name>i_tofd_t2.asm.obj</name>
      </input_file>
      <input_file id="fl-e5">
         <path>C:\ti\ccs910\ccs\tools\compiler\ti-cgt-arm_18.12.2.LTS\lib\</path>
         <kind>archive</kind>
         <file>rtsv7M4_T_le_v4SPD16_eabi.lib</file>
         <name>memcpy_t2.asm.obj</name>
      </input_file>
      <input_file id="fl-e6">
         <path>C:\ti\ccs910\ccs\tools\compiler\ti-cgt-arm_18.12.2.LTS\lib\</path>
         <kind>archive</kind>
         <file>rtsv7M4_T_le_v4SPD16_eabi.lib</file>
         <name>copy_zero_init.c.obj</name>
      </input_file>
      <input_file id="fl-e7">
         <path>C:\ti\ccs910\ccs\tools\compiler\ti-cgt-arm_18.12.2.LTS\lib\</path>
         <kind>archive</kind>
         <file>rtsv7M4_T_le_v4SPD16_eabi.lib</file>
         <name>copy_decompress_none.c.obj</name>
      </input_file>
      <input_file id="fl-e8">
         <path>C:\ti\ccs910\ccs\tools\compiler\ti-cgt-arm_18.12.2.LTS\lib\</path>
         <kind>archive</kind>
         <file>rtsv7M4_T_le_v4SPD16_eabi.lib</file>
         <name>copy_decompress_lzss.c.obj</name>
      </input_file>
      <input_file id="fl-e9">
         <path>C:\ti\ccs910\ccs\tools\compiler\ti-cgt-arm_18.12.2.LTS\lib\</path>
         <kind>archive</kind>
         <file>rtsv7M4_T_le_v4SPD16_eabi.lib</file>
         <name>exit.c.obj</name>
      </input_file>
      <input_file id="fl-ea">
         <path>C:\ti\ccs910\ccs\tools\compiler\ti-cgt-arm_18.12.2.LTS\lib\</path>
         <kind>archive</kind>
         <file>rtsv7M4_T_le_v4SPD16_eabi.lib</file>
         <name>_lock.c.obj</name>
      </input_file>
      <input_file id="fl-eb">
         <path>C:\ti\ccs910\ccs\tools\compiler\ti-cgt-arm_18.12.2.LTS\lib\</path>
         <kind>archive</kind>
         <file>rtsv7M4_T_le_v4SPD16_eabi.lib</file>
         <name>atoi.c.obj</name>
      </input_file>
      <input_file id="fl-ec">
         <path>C:\ti\ccs910\ccs\tools\compiler\ti-cgt-arm_18.12.2.LTS\lib\</path>
         <kind>archive</kind>
         <file>rtsv7M4_T_le_v4SPD16_eabi.lib</file>
         <name>ctype.c.obj</name>
      </input_file>
      <input_file id="fl-ed">
         <path>C:\ti\ccs910\ccs\tools\compiler\ti-cgt-arm_18.12.2.LTS\lib\</path>
         <kind>archive</kind>
         <file>rtsv7M4_T_le_v4SPD16_eabi.lib</file>
         <name>defs.c.obj</name>
      </input_file>
      <input_file id="fl-ee">
         <path>C:\ti\ccs910\ccs\tools\compiler\ti-cgt-arm_18.12.2.LTS\lib\</path>
         <kind>archive</kind>
         <file>rtsv7M4_T_le_v4SPD16_eabi.lib</file>
         <name>ltoa.c.obj</name>
      </input_file>
      <input_file id="fl-ef">
         <path>C:\ti\ccs910\ccs\tools\compiler\ti-cgt-arm_18.12.2.LTS\lib\</path>
         <kind>archive</kind>
         <file>rtsv7M4_T_le_v4SPD16_eabi.lib</file>
         <name>memccpy.c.obj</name>
      </input_file>
      <input_file id="fl-f0">
         <path>C:\ti\ccs910\ccs\tools\compiler\ti-cgt-arm_18.12.2.LTS\lib\</path>
         <kind>archive</kind>
         <file>rtsv7M4_T_le_v4SPD16_eabi.lib</file>
         <name>memchr.c.obj</name>
      </input_file>
      <input_file id="fl-f1">
         <path>C:\ti\ccs910\ccs\tools\compiler\ti-cgt-arm_18.12.2.LTS\lib\</path>
         <kind>archive</kind>
         <file>rtsv7M4_T_le_v4SPD16_eabi.lib</file>
         <name>memory.c.obj</name>
      </input_file>
      <input_file id="fl-f2">
         <path>C:\ti\ccs910\ccs\tools\compiler\ti-cgt-arm_18.12.2.LTS\lib\</path>
         <kind>archive</kind>
         <file>rtsv7M4_T_le_v4SPD16_eabi.lib</file>
         <name>strchr.c.obj</name>
      </input_file>
      <input_file id="fl-f3">
         <path>C:\ti\ccs910\ccs\tools\compiler\ti-cgt-arm_18.12.2.LTS\lib\</path>
         <kind>archive</kind>
         <file>rtsv7M4_T_le_v4SPD16_eabi.lib</file>
         <name>strcmp.c.obj</name>
      </input_file>
      <input_file id="fl-f4">
         <path>C:\ti\ccs910\ccs\tools\compiler\ti-cgt-arm_18.12.2.LTS\lib\</path>
         <kind>archive</kind>
         <file>rtsv7M4_T_le_v4SPD16_eabi.lib</file>
         <name>strcpy.c.obj</name>
      </input_file>
      <input_file id="fl-f5">
         <path>C:\ti\ccs910\ccs\tools\compiler\ti-cgt-arm_18.12.2.LTS\lib\</path>
         <kind>archive</kind>
         <file>rtsv7M4_T_le_v4SPD16_eabi.lib</file>
         <name>strlen.c.obj</name>
      </input_file>
      <input_file id="fl-f6">
         <path>C:\ti\ccs910\ccs\tools\compiler\ti-cgt-arm_18.12.2.LTS\lib\</path>
         <kind>archive</kind>
         <file>rtsv7M4_T_le_v4SPD16_eabi.lib</file>
         <name>write.c.obj</name>
      </input_file>
      <input_file id="fl-f7">
         <path>C:\ti\ccs910\ccs\tools\compiler\ti-cgt-arm_18.12.2.LTS\lib\</path>
         <kind>archive</kind>
         <file>rtsv7M4_T_le_v4SPD16_eabi.lib</file>
         <name>host_device.c.obj</name>
      </input_file>
      <input_file id="fl-f8">
         <path>C:\ti\ccs910\ccs\tools\compiler\ti-cgt-arm_18.12.2.LTS\lib\</path>
         <kind>archive</kind>
         <file>rtsv7M4_T_le_v4SPD16_eabi.lib</file>
         <name>read.c.obj</name>
      </input_file>
      <input_file id="fl-f9">
         <path>C:\ti\ccs910\ccs\tools\compiler\ti-cgt-arm_18.12.2.LTS\lib\</path>
         <kind>archive</kind>
         <file>rtsv7M4_T_le_v4SPD16_eabi.lib</file>
         <name>boot_cortex_m.c.obj</name>
      </input_file>
      <input_file id="fl-fa">
         <path>C:\ti\ccs910\ccs\tools\compiler\ti-cgt-arm_18.12.2.LTS\lib\</path>
         <kind>archive</kind>
         <file>rtsv7M4_T_le_v4SPD16_eabi.lib</file>
         <name>errno.c.obj</name>
      </input_file>
      <input_file id="fl-fb">
         <path>C:\ti\ccs910\ccs\tools\compiler\ti-cgt-arm_18.12.2.LTS\lib\</path>
         <kind>archive</kind>
         <file>rtsv7M4_T_le_v4SPD16_eabi.lib</file>
         <name>wcslen.c.obj</name>
      </input_file>
      <input_file id="fl-fc">
         <path>C:\ti\ccs910\ccs\tools\compiler\ti-cgt-arm_18.12.2.LTS\lib\</path>
         <kind>archive</kind>
         <file>rtsv7M4_T_le_v4SPD16_eabi.lib</file>
         <name>s_copysign.c.obj</name>
      </input_file>
      <input_file id="fl-fd">
         <path>C:\ti\ccs910\ccs\tools\compiler\ti-cgt-arm_18.12.2.LTS\lib\</path>
         <kind>archive</kind>
         <file>rtsv7M4_T_le_v4SPD16_eabi.lib</file>
         <name>_scanfi.c.obj</name>
      </input_file>
      <input_file id="fl-fe">
         <path>C:\ti\ccs910\ccs\tools\compiler\ti-cgt-arm_18.12.2.LTS\lib\</path>
         <kind>archive</kind>
         <file>rtsv7M4_T_le_v4SPD16_eabi.lib</file>
         <name>fopen.c.obj</name>
      </input_file>
      <input_file id="fl-ff">
         <path>C:\ti\ccs910\ccs\tools\compiler\ti-cgt-arm_18.12.2.LTS\lib\</path>
         <kind>archive</kind>
         <file>rtsv7M4_T_le_v4SPD16_eabi.lib</file>
         <name>fseek.c.obj</name>
      </input_file>
      <input_file id="fl-100">
         <path>C:\ti\ccs910\ccs\tools\compiler\ti-cgt-arm_18.12.2.LTS\lib\</path>
         <kind>archive</kind>
         <file>rtsv7M4_T_le_v4SPD16_eabi.lib</file>
         <name>div0.asm.obj</name>
      </input_file>
      <input_file id="fl-101">
         <path>C:\ti\ccs910\ccs\tools\compiler\ti-cgt-arm_18.12.2.LTS\lib\</path>
         <kind>archive</kind>
         <file>rtsv7M4_T_le_v4SPD16_eabi.lib</file>
         <name>autoinit.c.obj</name>
      </input_file>
      <input_file id="fl-102">
         <path>C:\ti\ccs910\ccs\tools\compiler\ti-cgt-arm_18.12.2.LTS\lib\</path>
         <kind>archive</kind>
         <file>rtsv7M4_T_le_v4SPD16_eabi.lib</file>
         <name>pre_init.c.obj</name>
      </input_file>
      <input_file id="fl-103">
         <path>C:\ti\ccs910\ccs\tools\compiler\ti-cgt-arm_18.12.2.LTS\lib\</path>
         <kind>archive</kind>
         <file>rtsv7M4_T_le_v4SPD16_eabi.lib</file>
         <name>cpy_tbl.c.obj</name>
      </input_file>
      <input_file id="fl-104">
         <path>C:\ti\ccs910\ccs\tools\compiler\ti-cgt-arm_18.12.2.LTS\lib\</path>
         <kind>archive</kind>
         <file>rtsv7M4_T_le_v4SPD16_eabi.lib</file>
         <name>args_main.c.obj</name>
      </input_file>
      <input_file id="fl-105">
         <path>C:\ti\ccs910\ccs\tools\compiler\ti-cgt-arm_18.12.2.LTS\lib\</path>
         <kind>archive</kind>
         <file>rtsv7M4_T_le_v4SPD16_eabi.lib</file>
         <name>strrchr.c.obj</name>
      </input_file>
      <input_file id="fl-106">
         <path>C:\ti\ccs910\ccs\tools\compiler\ti-cgt-arm_18.12.2.LTS\lib\</path>
         <kind>archive</kind>
         <file>rtsv7M4_T_le_v4SPD16_eabi.lib</file>
         <name>strtod.c.obj</name>
      </input_file>
      <input_file id="fl-107">
         <path>C:\ti\ccs910\ccs\tools\compiler\ti-cgt-arm_18.12.2.LTS\lib\</path>
         <kind>archive</kind>
         <file>rtsv7M4_T_le_v4SPD16_eabi.lib</file>
         <name>strtol.c.obj</name>
      </input_file>
      <input_file id="fl-108">
         <path>C:\ti\ccs910\ccs\tools\compiler\ti-cgt-arm_18.12.2.LTS\lib\</path>
         <kind>archive</kind>
         <file>rtsv7M4_T_le_v4SPD16_eabi.lib</file>
         <name>strtoll.c.obj</name>
      </input_file>
      <input_file id="fl-109">
         <path>C:\ti\ccs910\ccs\tools\compiler\ti-cgt-arm_18.12.2.LTS\lib\</path>
         <kind>archive</kind>
         <file>rtsv7M4_T_le_v4SPD16_eabi.lib</file>
         <name>strtoul.c.obj</name>
      </input_file>
      <input_file id="fl-10a">
         <path>C:\ti\ccs910\ccs\tools\compiler\ti-cgt-arm_18.12.2.LTS\lib\</path>
         <kind>archive</kind>
         <file>rtsv7M4_T_le_v4SPD16_eabi.lib</file>
         <name>strtoull.c.obj</name>
      </input_file>
      <input_file id="fl-10b">
         <path>C:\ti\ccs910\ccs\tools\compiler\ti-cgt-arm_18.12.2.LTS\lib\</path>
         <kind>archive</kind>
         <file>rtsv7M4_T_le_v4SPD16_eabi.lib</file>
         <name>hostclose.c.obj</name>
      </input_file>
      <input_file id="fl-10c">
         <path>C:\ti\ccs910\ccs\tools\compiler\ti-cgt-arm_18.12.2.LTS\lib\</path>
         <kind>archive</kind>
         <file>rtsv7M4_T_le_v4SPD16_eabi.lib</file>
         <name>hostlseek.c.obj</name>
      </input_file>
      <input_file id="fl-10d">
         <path>C:\ti\ccs910\ccs\tools\compiler\ti-cgt-arm_18.12.2.LTS\lib\</path>
         <kind>archive</kind>
         <file>rtsv7M4_T_le_v4SPD16_eabi.lib</file>
         <name>hostopen.c.obj</name>
      </input_file>
      <input_file id="fl-10e">
         <path>C:\ti\ccs910\ccs\tools\compiler\ti-cgt-arm_18.12.2.LTS\lib\</path>
         <kind>archive</kind>
         <file>rtsv7M4_T_le_v4SPD16_eabi.lib</file>
         <name>hostread.c.obj</name>
      </input_file>
      <input_file id="fl-10f">
         <path>C:\ti\ccs910\ccs\tools\compiler\ti-cgt-arm_18.12.2.LTS\lib\</path>
         <kind>archive</kind>
         <file>rtsv7M4_T_le_v4SPD16_eabi.lib</file>
         <name>hostrename.c.obj</name>
      </input_file>
      <input_file id="fl-110">
         <path>C:\ti\ccs910\ccs\tools\compiler\ti-cgt-arm_18.12.2.LTS\lib\</path>
         <kind>archive</kind>
         <file>rtsv7M4_T_le_v4SPD16_eabi.lib</file>
         <name>hostunlink.c.obj</name>
      </input_file>
      <input_file id="fl-111">
         <path>C:\ti\ccs910\ccs\tools\compiler\ti-cgt-arm_18.12.2.LTS\lib\</path>
         <kind>archive</kind>
         <file>rtsv7M4_T_le_v4SPD16_eabi.lib</file>
         <name>hostwrite.c.obj</name>
      </input_file>
      <input_file id="fl-112">
         <path>C:\ti\ccs910\ccs\tools\compiler\ti-cgt-arm_18.12.2.LTS\lib\</path>
         <kind>archive</kind>
         <file>rtsv7M4_T_le_v4SPD16_eabi.lib</file>
         <name>trgmsg.c.obj</name>
      </input_file>
      <input_file id="fl-113">
         <path>C:\ti\ccs910\ccs\tools\compiler\ti-cgt-arm_18.12.2.LTS\lib\</path>
         <kind>archive</kind>
         <file>rtsv7M4_T_le_v4SPD16_eabi.lib</file>
         <name>open.c.obj</name>
      </input_file>
      <input_file id="fl-114">
         <path>C:\ti\ccs910\ccs\tools\compiler\ti-cgt-arm_18.12.2.LTS\lib\</path>
         <kind>archive</kind>
         <file>rtsv7M4_T_le_v4SPD16_eabi.lib</file>
         <name>lseek.c.obj</name>
      </input_file>
      <input_file id="fl-115">
         <path>C:\ti\ccs910\ccs\tools\compiler\ti-cgt-arm_18.12.2.LTS\lib\</path>
         <kind>archive</kind>
         <file>rtsv7M4_T_le_v4SPD16_eabi.lib</file>
         <name>fclose.c.obj</name>
      </input_file>
      <input_file id="fl-116">
         <path>C:\ti\ccs910\ccs\tools\compiler\ti-cgt-arm_18.12.2.LTS\lib\</path>
         <kind>archive</kind>
         <file>rtsv7M4_T_le_v4SPD16_eabi.lib</file>
         <name>getdevice.c.obj</name>
      </input_file>
      <input_file id="fl-117">
         <path>C:\ti\ccs910\ccs\tools\compiler\ti-cgt-arm_18.12.2.LTS\lib\</path>
         <kind>archive</kind>
         <file>rtsv7M4_T_le_v4SPD16_eabi.lib</file>
         <name>ll_mul_t2.asm.obj</name>
      </input_file>
      <input_file id="fl-118">
         <path>C:\ti\ccs910\ccs\tools\compiler\ti-cgt-arm_18.12.2.LTS\lib\</path>
         <kind>archive</kind>
         <file>rtsv7M4_T_le_v4SPD16_eabi.lib</file>
         <name>strncpy.c.obj</name>
      </input_file>
      <input_file id="fl-119">
         <path>C:\ti\ccs910\ccs\tools\compiler\ti-cgt-arm_18.12.2.LTS\lib\</path>
         <kind>archive</kind>
         <file>rtsv7M4_T_le_v4SPD16_eabi.lib</file>
         <name>remove.c.obj</name>
      </input_file>
      <input_file id="fl-11a">
         <path>C:\ti\ccs910\ccs\tools\compiler\ti-cgt-arm_18.12.2.LTS\lib\</path>
         <kind>archive</kind>
         <file>rtsv7M4_T_le_v4SPD16_eabi.lib</file>
         <name>close.c.obj</name>
      </input_file>
      <input_file id="fl-11b">
         <path>C:\ti\ccs910\ccs\tools\compiler\ti-cgt-arm_18.12.2.LTS\lib\</path>
         <kind>archive</kind>
         <file>rtsv7M4_T_le_v4SPD16_eabi.lib</file>
         <name>unlink.c.obj</name>
      </input_file>
      <input_file id="fl-11c">
         <path>C:\ti\TivaWare_C_Series-2.1.4.178\driverlib\ccs\Debug\</path>
         <kind>archive</kind>
         <file>driverlib.lib</file>
         <name>interrupt.obj</name>
      </input_file>
      <input_file id="fl-11d">
         <path>C:\ti\TivaWare_C_Series-2.1.4.178\driverlib\ccs\Debug\</path>
         <kind>archive</kind>
         <file>driverlib.lib</file>
         <name>cpu.obj</name>
      </input_file>
   </input_file_list>
   <object_component_list>
      <object_component id="oc-f">
         <name>.intvecs</name>
         <load_address>0x0</load_address>
         <run_address>0x0</run_address>
         <size>0x26c</size>
         <input_file_ref idref="fl-a"/>
      </object_component>
      <object_component id="oc-1d9">
         <name>.text:__TI_scanfi</name>
         <load_address>0x26c</load_address>
         <run_address>0x26c</run_address>
         <size>0xaf0</size>
         <input_file_ref idref="fl-fd"/>
      </object_component>
      <object_component id="oc-1a5">
         <name>.text:__TI_printfi</name>
         <load_address>0xd5c</load_address>
         <run_address>0xd5c</run_address>
         <size>0xa4e</size>
         <input_file_ref idref="fl-cd"/>
      </object_component>
      <object_component id="oc-2be">
         <name>.text:_nop</name>
         <load_address>0x17aa</load_address>
         <run_address>0x17aa</run_address>
         <size>0x2</size>
         <input_file_ref idref="fl-ea"/>
      </object_component>
      <object_component id="oc-305">
         <name>.text:strtod</name>
         <load_address>0x17ac</load_address>
         <run_address>0x17ac</run_address>
         <size>0x460</size>
         <input_file_ref idref="fl-106"/>
      </object_component>
      <object_component id="oc-d9">
         <name>.text</name>
         <load_address>0x1c0c</load_address>
         <run_address>0x1c0c</run_address>
         <size>0x328</size>
         <input_file_ref idref="fl-8"/>
      </object_component>
      <object_component id="oc-e5">
         <name>.text</name>
         <load_address>0x1f34</load_address>
         <run_address>0x1f34</run_address>
         <size>0x2a8</size>
         <input_file_ref idref="fl-16"/>
      </object_component>
      <object_component id="oc-29a">
         <name>.text:_pconv_a</name>
         <load_address>0x21dc</load_address>
         <run_address>0x21dc</run_address>
         <size>0x270</size>
         <input_file_ref idref="fl-cd"/>
      </object_component>
      <object_component id="oc-d3">
         <name>.text</name>
         <load_address>0x244c</load_address>
         <run_address>0x244c</run_address>
         <size>0x248</size>
         <input_file_ref idref="fl-3"/>
      </object_component>
      <object_component id="oc-316">
         <name>.text:strtoll</name>
         <load_address>0x2694</load_address>
         <run_address>0x2694</run_address>
         <size>0x1dc</size>
         <input_file_ref idref="fl-108"/>
      </object_component>
      <object_component id="oc-288">
         <name>.text:_pconv_g</name>
         <load_address>0x2870</load_address>
         <run_address>0x2870</run_address>
         <size>0x1d0</size>
         <input_file_ref idref="fl-cd"/>
      </object_component>
      <object_component id="oc-197">
         <name>.text</name>
         <load_address>0x2a40</load_address>
         <run_address>0x2a40</run_address>
         <size>0x1bc</size>
         <input_file_ref idref="fl-14"/>
      </object_component>
      <object_component id="oc-3a6">
         <name>.text</name>
         <load_address>0x2bfc</load_address>
         <run_address>0x2bfc</run_address>
         <size>0x1b6</size>
         <input_file_ref idref="fl-dd"/>
      </object_component>
      <object_component id="oc-453">
         <name>.text</name>
         <load_address>0x2db2</load_address>
         <run_address>0x2db2</run_address>
         <size>0x2</size>
         <input_file_ref idref="fl-100"/>
      </object_component>
      <object_component id="oc-9f">
         <name>.text</name>
         <load_address>0x2db4</load_address>
         <run_address>0x2db4</run_address>
         <size>0x198</size>
         <input_file_ref idref="fl-7"/>
      </object_component>
      <object_component id="oc-2f9">
         <name>.text:strtoull</name>
         <load_address>0x2f4c</load_address>
         <run_address>0x2f4c</run_address>
         <size>0x15c</size>
         <input_file_ref idref="fl-10a"/>
      </object_component>
      <object_component id="oc-294">
         <name>.text:_pconv_e</name>
         <load_address>0x30a8</load_address>
         <run_address>0x30a8</run_address>
         <size>0x13c</size>
         <input_file_ref idref="fl-cd"/>
      </object_component>
      <object_component id="oc-38c">
         <name>.text</name>
         <load_address>0x31e4</load_address>
         <run_address>0x31e4</run_address>
         <size>0x136</size>
         <input_file_ref idref="fl-df"/>
      </object_component>
      <object_component id="oc-310">
         <name>.text:strtol</name>
         <load_address>0x331c</load_address>
         <run_address>0x331c</run_address>
         <size>0x130</size>
         <input_file_ref idref="fl-107"/>
      </object_component>
      <object_component id="oc-3b8">
         <name>.text:fcvt</name>
         <load_address>0x344c</load_address>
         <run_address>0x344c</run_address>
         <size>0x124</size>
         <input_file_ref idref="fl-cd"/>
      </object_component>
      <object_component id="oc-2c8">
         <name>.text:fputs</name>
         <load_address>0x3570</load_address>
         <run_address>0x3570</run_address>
         <size>0x114</size>
         <input_file_ref idref="fl-d4"/>
      </object_component>
      <object_component id="oc-3cc">
         <name>.text:scalbn</name>
         <load_address>0x3684</load_address>
         <run_address>0x3684</run_address>
         <size>0x110</size>
         <input_file_ref idref="fl-da"/>
      </object_component>
      <object_component id="oc-2ff">
         <name>.text:strtoul</name>
         <load_address>0x3794</load_address>
         <run_address>0x3794</run_address>
         <size>0x110</size>
         <input_file_ref idref="fl-109"/>
      </object_component>
      <object_component id="oc-387">
         <name>.text</name>
         <load_address>0x38a4</load_address>
         <run_address>0x38a4</run_address>
         <size>0xfc</size>
         <input_file_ref idref="fl-e0"/>
      </object_component>
      <object_component id="oc-533">
         <name>.text:aligned_alloc</name>
         <load_address>0x39a0</load_address>
         <run_address>0x39a0</run_address>
         <size>0xf4</size>
         <input_file_ref idref="fl-f1"/>
      </object_component>
      <object_component id="oc-4c0">
         <name>.text:free</name>
         <load_address>0x3a94</load_address>
         <run_address>0x3a94</run_address>
         <size>0xe8</size>
         <input_file_ref idref="fl-f1"/>
      </object_component>
      <object_component id="oc-191">
         <name>.text</name>
         <load_address>0x3b7c</load_address>
         <run_address>0x3b7c</run_address>
         <size>0xdc</size>
         <input_file_ref idref="fl-13"/>
      </object_component>
      <object_component id="oc-43a">
         <name>.text:setvbuf</name>
         <load_address>0x3c58</load_address>
         <run_address>0x3c58</run_address>
         <size>0xdc</size>
         <input_file_ref idref="fl-d7"/>
      </object_component>
      <object_component id="oc-19d">
         <name>.text</name>
         <load_address>0x3d34</load_address>
         <run_address>0x3d34</run_address>
         <size>0xc4</size>
         <input_file_ref idref="fl-15"/>
      </object_component>
      <object_component id="oc-27d">
         <name>.text:_ltostr</name>
         <load_address>0x3df8</load_address>
         <run_address>0x3df8</run_address>
         <size>0xb1</size>
         <input_file_ref idref="fl-cd"/>
      </object_component>
      <object_component id="oc-fd">
         <name>.text</name>
         <load_address>0x3eac</load_address>
         <run_address>0x3eac</run_address>
         <size>0xa8</size>
         <input_file_ref idref="fl-5"/>
      </object_component>
      <object_component id="oc-42c">
         <name>.text:__TI_buff_read</name>
         <load_address>0x3f54</load_address>
         <run_address>0x3f54</run_address>
         <size>0x9c</size>
         <input_file_ref idref="fl-d5"/>
      </object_component>
      <object_component id="oc-3b">
         <name>.text</name>
         <load_address>0x3ff0</load_address>
         <run_address>0x3ff0</run_address>
         <size>0x9c</size>
         <input_file_ref idref="fl-e5"/>
      </object_component>
      <object_component id="oc-380">
         <name>.text</name>
         <load_address>0x408c</load_address>
         <run_address>0x408c</run_address>
         <size>0x96</size>
         <input_file_ref idref="fl-db"/>
      </object_component>
      <object_component id="oc-2cf">
         <name>.text:fputc</name>
         <load_address>0x4124</load_address>
         <run_address>0x4124</run_address>
         <size>0x8c</size>
         <input_file_ref idref="fl-d3"/>
      </object_component>
      <object_component id="oc-1eb">
         <name>.text:_chkmbc</name>
         <load_address>0x41b0</load_address>
         <run_address>0x41b0</run_address>
         <size>0x88</size>
         <input_file_ref idref="fl-d0"/>
      </object_component>
      <object_component id="oc-283">
         <name>.text:__aeabi_cdcmple</name>
         <load_address>0x4238</load_address>
         <run_address>0x4238</run_address>
         <size>0x86</size>
         <input_file_ref idref="fl-de"/>
      </object_component>
      <object_component id="oc-391">
         <name>.text:__aeabi_cdrcmple</name>
         <load_address>0x42be</load_address>
         <run_address>0x42be</run_address>
         <size>0x86</size>
         <input_file_ref idref="fl-de"/>
      </object_component>
      <object_component id="oc-334">
         <name>.text:fgetc</name>
         <load_address>0x4344</load_address>
         <run_address>0x4344</run_address>
         <size>0x84</size>
         <input_file_ref idref="fl-d2"/>
      </object_component>
      <object_component id="oc-33b">
         <name>.text:ungetc</name>
         <load_address>0x43c8</load_address>
         <run_address>0x43c8</run_address>
         <size>0x80</size>
         <input_file_ref idref="fl-d8"/>
      </object_component>
      <object_component id="oc-f7">
         <name>.text:fflush</name>
         <load_address>0x4448</load_address>
         <run_address>0x4448</run_address>
         <size>0x7c</size>
         <input_file_ref idref="fl-d1"/>
      </object_component>
      <object_component id="oc-568">
         <name>.text:split</name>
         <load_address>0x44c4</load_address>
         <run_address>0x44c4</run_address>
         <size>0x7c</size>
         <input_file_ref idref="fl-f1"/>
      </object_component>
      <object_component id="oc-93">
         <name>.text</name>
         <load_address>0x4540</load_address>
         <run_address>0x4540</run_address>
         <size>0x7a</size>
         <input_file_ref idref="fl-dc"/>
      </object_component>
      <object_component id="oc-53a">
         <name>.text:__TI_closefile</name>
         <load_address>0x45bc</load_address>
         <run_address>0x45bc</run_address>
         <size>0x74</size>
         <input_file_ref idref="fl-115"/>
      </object_component>
      <object_component id="oc-3b1">
         <name>.text:_mcpy</name>
         <load_address>0x4630</load_address>
         <run_address>0x4630</run_address>
         <size>0x6e</size>
         <input_file_ref idref="fl-cd"/>
      </object_component>
      <object_component id="oc-30b">
         <name>.text</name>
         <load_address>0x469e</load_address>
         <run_address>0x469e</run_address>
         <size>0x6e</size>
         <input_file_ref idref="fl-e2"/>
      </object_component>
      <object_component id="oc-50c">
         <name>.text:HOSTlseek</name>
         <load_address>0x470c</load_address>
         <run_address>0x470c</run_address>
         <size>0x68</size>
         <input_file_ref idref="fl-10c"/>
      </object_component>
      <object_component id="oc-518">
         <name>.text:HOSTrename</name>
         <load_address>0x4774</load_address>
         <run_address>0x4774</run_address>
         <size>0x68</size>
         <input_file_ref idref="fl-10f"/>
      </object_component>
      <object_component id="oc-12">
         <name>.text:decompress:lzss:__TI_decompress_lzss</name>
         <load_address>0x47dc</load_address>
         <run_address>0x47dc</run_address>
         <size>0x68</size>
         <input_file_ref idref="fl-e8"/>
      </object_component>
      <object_component id="oc-f1">
         <name>.text:printf</name>
         <load_address>0x4844</load_address>
         <run_address>0x4844</run_address>
         <size>0x68</size>
         <input_file_ref idref="fl-cc"/>
      </object_component>
      <object_component id="oc-103">
         <name>.text:scanf</name>
         <load_address>0x48ac</load_address>
         <run_address>0x48ac</run_address>
         <size>0x68</size>
         <input_file_ref idref="fl-d0"/>
      </object_component>
      <object_component id="oc-3c6">
         <name>.text:frexp</name>
         <load_address>0x4914</load_address>
         <run_address>0x4914</run_address>
         <size>0x64</size>
         <input_file_ref idref="fl-d9"/>
      </object_component>
      <object_component id="oc-486">
         <name>.text:fseek</name>
         <load_address>0x4978</load_address>
         <run_address>0x4978</run_address>
         <size>0x64</size>
         <input_file_ref idref="fl-ff"/>
      </object_component>
      <object_component id="oc-3f0">
         <name>.text:__TI_wrt_ok</name>
         <load_address>0x49dc</load_address>
         <run_address>0x49dc</run_address>
         <size>0x62</size>
         <input_file_ref idref="fl-d6"/>
      </object_component>
      <object_component id="oc-4f4">
         <name>.text:HOSTopen</name>
         <load_address>0x4a40</load_address>
         <run_address>0x4a40</run_address>
         <size>0x60</size>
         <input_file_ref idref="fl-10d"/>
      </object_component>
      <object_component id="oc-56f">
         <name>.text:close</name>
         <load_address>0x4aa0</load_address>
         <run_address>0x4aa0</run_address>
         <size>0x5c</size>
         <input_file_ref idref="fl-11a"/>
      </object_component>
      <object_component id="oc-500">
         <name>.text:HOSTread</name>
         <load_address>0x4afc</load_address>
         <run_address>0x4afc</run_address>
         <size>0x58</size>
         <input_file_ref idref="fl-10e"/>
      </object_component>
      <object_component id="oc-506">
         <name>.text:HOSTwrite</name>
         <load_address>0x4b54</load_address>
         <run_address>0x4b54</run_address>
         <size>0x58</size>
         <input_file_ref idref="fl-111"/>
      </object_component>
      <object_component id="oc-28e">
         <name>.text:_pconv_f</name>
         <load_address>0x4bac</load_address>
         <run_address>0x4bac</run_address>
         <size>0x56</size>
         <input_file_ref idref="fl-cd"/>
      </object_component>
      <object_component id="oc-39b">
         <name>.text:ltoa</name>
         <load_address>0x4c02</load_address>
         <run_address>0x4c02</run_address>
         <size>0x54</size>
         <input_file_ref idref="fl-ee"/>
      </object_component>
      <object_component id="oc-3ab">
         <name>.text:_ecpy</name>
         <load_address>0x4c56</load_address>
         <run_address>0x4c56</run_address>
         <size>0x52</size>
         <input_file_ref idref="fl-cd"/>
      </object_component>
      <object_component id="oc-1bc">
         <name>.text:__TI_doflush</name>
         <load_address>0x4ca8</load_address>
         <run_address>0x4ca8</run_address>
         <size>0x4c</size>
         <input_file_ref idref="fl-d1"/>
      </object_component>
      <object_component id="oc-277">
         <name>.text:atoi</name>
         <load_address>0x4cf4</load_address>
         <run_address>0x4cf4</run_address>
         <size>0x4c</size>
         <input_file_ref idref="fl-eb"/>
      </object_component>
      <object_component id="oc-426">
         <name>.text:__TI_rd_ok</name>
         <load_address>0x4d40</load_address>
         <run_address>0x4d40</run_address>
         <size>0x4a</size>
         <input_file_ref idref="fl-d6"/>
      </object_component>
      <object_component id="oc-119">
         <name>.text:exit</name>
         <load_address>0x4d8c</load_address>
         <run_address>0x4d8c</run_address>
         <size>0x48</size>
         <input_file_ref idref="fl-e9"/>
      </object_component>
      <object_component id="oc-eb">
         <name>.text</name>
         <load_address>0x4dd4</load_address>
         <run_address>0x4dd4</run_address>
         <size>0x48</size>
         <input_file_ref idref="fl-12"/>
      </object_component>
      <object_component id="oc-396">
         <name>.text</name>
         <load_address>0x4e1c</load_address>
         <run_address>0x4e1c</run_address>
         <size>0x48</size>
         <input_file_ref idref="fl-e1"/>
      </object_component>
      <object_component id="oc-4fa">
         <name>.text:HOSTclose</name>
         <load_address>0x4e64</load_address>
         <run_address>0x4e64</run_address>
         <size>0x44</size>
         <input_file_ref idref="fl-10b"/>
      </object_component>
      <object_component id="oc-512">
         <name>.text:HOSTunlink</name>
         <load_address>0x4ea8</load_address>
         <run_address>0x4ea8</run_address>
         <size>0x44</size>
         <input_file_ref idref="fl-110"/>
      </object_component>
      <object_component id="oc-11f">
         <name>.text:__TI_auto_init_nobinit_nopinit:__TI_auto_init_nobinit_nopinit</name>
         <load_address>0x4eec</load_address>
         <run_address>0x4eec</run_address>
         <size>0x44</size>
         <input_file_ref idref="fl-101"/>
      </object_component>
      <object_component id="oc-599">
         <name>.text:getdevice</name>
         <load_address>0x4f30</load_address>
         <run_address>0x4f30</run_address>
         <size>0x44</size>
         <input_file_ref idref="fl-116"/>
      </object_component>
      <object_component id="oc-1cc">
         <name>.text:sprintf</name>
         <load_address>0x4f74</load_address>
         <run_address>0x4f74</run_address>
         <size>0x40</size>
         <input_file_ref idref="fl-ce"/>
      </object_component>
      <object_component id="oc-16c">
         <name>.text:vsnprintf</name>
         <load_address>0x4fb4</load_address>
         <run_address>0x4fb4</run_address>
         <size>0x40</size>
         <input_file_ref idref="fl-cf"/>
      </object_component>
      <object_component id="oc-3be">
         <name>.text:_fcpy</name>
         <load_address>0x4ff4</load_address>
         <run_address>0x4ff4</run_address>
         <size>0x3e</size>
         <input_file_ref idref="fl-cd"/>
      </object_component>
      <object_component id="oc-547">
         <name>.text:__TI_writemsg</name>
         <load_address>0x5034</load_address>
         <run_address>0x5034</run_address>
         <size>0x38</size>
         <input_file_ref idref="fl-112"/>
      </object_component>
      <object_component id="oc-1c7">
         <name>.text</name>
         <load_address>0x506c</load_address>
         <run_address>0x506c</run_address>
         <size>0x38</size>
         <input_file_ref idref="fl-e3"/>
      </object_component>
      <object_component id="oc-5a9">
         <name>.text:strncpy</name>
         <load_address>0x50a4</load_address>
         <run_address>0x50a4</run_address>
         <size>0x36</size>
         <input_file_ref idref="fl-118"/>
      </object_component>
      <object_component id="oc-158">
         <name>.text:IntRegister</name>
         <load_address>0x50dc</load_address>
         <run_address>0x50dc</run_address>
         <size>0x34</size>
         <input_file_ref idref="fl-11c"/>
      </object_component>
      <object_component id="oc-4cc">
         <name>.text:__TI_cleanup</name>
         <load_address>0x5110</load_address>
         <run_address>0x5110</run_address>
         <size>0x34</size>
         <input_file_ref idref="fl-fe"/>
      </object_component>
      <object_component id="oc-54d">
         <name>.text:__TI_readmsg</name>
         <load_address>0x5144</load_address>
         <run_address>0x5144</run_address>
         <size>0x34</size>
         <input_file_ref idref="fl-112"/>
      </object_component>
      <object_component id="oc-59">
         <name>.text:_c_int00_noargs:_c_int00_noargs</name>
         <load_address>0x5178</load_address>
         <run_address>0x5178</run_address>
         <size>0x34</size>
         <input_file_ref idref="fl-f9"/>
      </object_component>
      <object_component id="oc-226">
         <name>.text:_outs</name>
         <load_address>0x51ac</load_address>
         <run_address>0x51ac</run_address>
         <size>0x30</size>
         <input_file_ref idref="fl-cf"/>
      </object_component>
      <object_component id="oc-5af">
         <name>.text:finddevice</name>
         <load_address>0x51dc</load_address>
         <run_address>0x51dc</run_address>
         <size>0x30</size>
         <input_file_ref idref="fl-116"/>
      </object_component>
      <object_component id="oc-3a1">
         <name>.text</name>
         <load_address>0x520c</load_address>
         <run_address>0x520c</run_address>
         <size>0x2e</size>
         <input_file_ref idref="fl-e4"/>
      </object_component>
      <object_component id="oc-575">
         <name>.text:unlink</name>
         <load_address>0x523c</load_address>
         <run_address>0x523c</run_address>
         <size>0x2c</size>
         <input_file_ref idref="fl-11b"/>
      </object_component>
      <object_component id="oc-52c">
         <name>.text:free_list_insert</name>
         <load_address>0x5268</load_address>
         <run_address>0x5268</run_address>
         <size>0x28</size>
         <input_file_ref idref="fl-f1"/>
      </object_component>
      <object_component id="oc-4e8">
         <name>.text:lseek</name>
         <load_address>0x5290</load_address>
         <run_address>0x5290</run_address>
         <size>0x28</size>
         <input_file_ref idref="fl-114"/>
      </object_component>
      <object_component id="oc-432">
         <name>.text:read</name>
         <load_address>0x52b8</load_address>
         <run_address>0x52b8</run_address>
         <size>0x28</size>
         <input_file_ref idref="fl-f8"/>
      </object_component>
      <object_component id="oc-2dd">
         <name>.text:write</name>
         <load_address>0x52e0</load_address>
         <run_address>0x52e0</run_address>
         <size>0x28</size>
         <input_file_ref idref="fl-f6"/>
      </object_component>
      <object_component id="oc-3f6">
         <name>.text:memchr</name>
         <load_address>0x5308</load_address>
         <run_address>0x5308</run_address>
         <size>0x20</size>
         <input_file_ref idref="fl-f0"/>
      </object_component>
      <object_component id="oc-526">
         <name>.text:free_list_remove</name>
         <load_address>0x5328</load_address>
         <run_address>0x5328</run_address>
         <size>0x1c</size>
         <input_file_ref idref="fl-f1"/>
      </object_component>
      <object_component id="oc-2a0">
         <name>.text:memccpy</name>
         <load_address>0x5344</load_address>
         <run_address>0x5344</run_address>
         <size>0x1c</size>
         <input_file_ref idref="fl-ef"/>
      </object_component>
      <object_component id="oc-46c">
         <name>.text:copysign</name>
         <load_address>0x5360</load_address>
         <run_address>0x5360</run_address>
         <size>0x1a</size>
         <input_file_ref idref="fl-fc"/>
      </object_component>
      <object_component id="oc-22c">
         <name>.text:_outc</name>
         <load_address>0x537a</load_address>
         <run_address>0x537a</run_address>
         <size>0x18</size>
         <input_file_ref idref="fl-cf"/>
      </object_component>
      <object_component id="oc-2e9">
         <name>.text:_outs</name>
         <load_address>0x5392</load_address>
         <run_address>0x5392</run_address>
         <size>0x18</size>
         <input_file_ref idref="fl-ce"/>
      </object_component>
      <object_component id="oc-df">
         <name>.text</name>
         <load_address>0x53ac</load_address>
         <run_address>0x53ac</run_address>
         <size>0x18</size>
         <input_file_ref idref="fl-4"/>
      </object_component>
      <object_component id="oc-409">
         <name>.text</name>
         <load_address>0x53c4</load_address>
         <run_address>0x53c4</run_address>
         <size>0x18</size>
         <input_file_ref idref="fl-117"/>
      </object_component>
      <object_component id="oc-172">
         <name>.text:strcmp</name>
         <load_address>0x53dc</load_address>
         <run_address>0x53dc</run_address>
         <size>0x18</size>
         <input_file_ref idref="fl-f3"/>
      </object_component>
      <object_component id="oc-31f">
         <name>.text:strrchr</name>
         <load_address>0x53f4</load_address>
         <run_address>0x53f4</run_address>
         <size>0x18</size>
         <input_file_ref idref="fl-105"/>
      </object_component>
      <object_component id="oc-325">
         <name>.text:strchr</name>
         <load_address>0x540c</load_address>
         <run_address>0x540c</run_address>
         <size>0x16</size>
         <input_file_ref idref="fl-f2"/>
      </object_component>
      <object_component id="oc-178">
         <name>.text:strcpy</name>
         <load_address>0x5422</load_address>
         <run_address>0x5422</run_address>
         <size>0x14</size>
         <input_file_ref idref="fl-f4"/>
      </object_component>
      <object_component id="oc-271">
         <name>.text:strlen</name>
         <load_address>0x5436</load_address>
         <run_address>0x5436</run_address>
         <size>0x14</size>
         <input_file_ref idref="fl-f5"/>
      </object_component>
      <object_component id="oc-2a6">
         <name>.text:wcslen</name>
         <load_address>0x544a</load_address>
         <run_address>0x544a</run_address>
         <size>0x12</size>
         <input_file_ref idref="fl-fb"/>
      </object_component>
      <object_component id="oc-252">
         <name>.text:IntMasterEnable</name>
         <load_address>0x545c</load_address>
         <run_address>0x545c</run_address>
         <size>0x10</size>
         <input_file_ref idref="fl-11c"/>
      </object_component>
      <object_component id="oc-165">
         <name>.text:lcd_clear</name>
         <load_address>0x546c</load_address>
         <run_address>0x546c</run_address>
         <size>0x10</size>
         <input_file_ref idref="fl-8"/>
      </object_component>
      <object_component id="oc-18">
         <name>.text:decompress:none:__TI_decompress_none</name>
         <load_address>0x547c</load_address>
         <run_address>0x547c</run_address>
         <size>0xe</size>
         <input_file_ref idref="fl-e7"/>
      </object_component>
      <object_component id="oc-36f">
         <name>.text:CPUcpsie</name>
         <load_address>0x548a</load_address>
         <run_address>0x548a</run_address>
         <size>0xc</size>
         <input_file_ref idref="fl-11d"/>
      </object_component>
      <object_component id="oc-4d">
         <name>.text:decompress:ZI:__TI_zero_init</name>
         <load_address>0x5496</load_address>
         <run_address>0x5496</run_address>
         <size>0xc</size>
         <input_file_ref idref="fl-e6"/>
      </object_component>
      <object_component id="oc-27">
         <name>.text</name>
         <load_address>0x54a2</load_address>
         <run_address>0x54a2</run_address>
         <size>0xc</size>
         <input_file_ref idref="fl-a"/>
      </object_component>
      <object_component id="oc-2ef">
         <name>.text:_outc</name>
         <load_address>0x54ae</load_address>
         <run_address>0x54ae</run_address>
         <size>0xa</size>
         <input_file_ref idref="fl-ce"/>
      </object_component>
      <object_component id="oc-1e5">
         <name>.text:_uninpchar</name>
         <load_address>0x54b8</load_address>
         <run_address>0x54b8</run_address>
         <size>0xa</size>
         <input_file_ref idref="fl-d0"/>
      </object_component>
      <object_component id="oc-2ac">
         <name>.text:__aeabi_errno_addr</name>
         <load_address>0x54c4</load_address>
         <run_address>0x54c4</run_address>
         <size>0x8</size>
         <input_file_ref idref="fl-fa"/>
      </object_component>
      <object_component id="oc-4c6">
         <name>.text:malloc</name>
         <load_address>0x54cc</load_address>
         <run_address>0x54cc</run_address>
         <size>0x8</size>
         <input_file_ref idref="fl-f1"/>
      </object_component>
      <object_component id="oc-1df">
         <name>.text:_inpchar</name>
         <load_address>0x54d4</load_address>
         <run_address>0x54d4</run_address>
         <size>0x6</size>
         <input_file_ref idref="fl-d0"/>
      </object_component>
      <object_component id="oc-1b4">
         <name>.text:_outc</name>
         <load_address>0x54da</load_address>
         <run_address>0x54da</run_address>
         <size>0x4</size>
         <input_file_ref idref="fl-cc"/>
      </object_component>
      <object_component id="oc-1ae">
         <name>.text:_outs</name>
         <load_address>0x54de</load_address>
         <run_address>0x54de</run_address>
         <size>0x4</size>
         <input_file_ref idref="fl-cc"/>
      </object_component>
      <object_component id="oc-99">
         <name>.text:_system_pre_init</name>
         <load_address>0x54e2</load_address>
         <run_address>0x54e2</run_address>
         <size>0x4</size>
         <input_file_ref idref="fl-102"/>
      </object_component>
      <object_component id="oc-113">
         <name>.text:abort:abort</name>
         <load_address>0x54e6</load_address>
         <run_address>0x54e6</run_address>
         <size>0x4</size>
         <input_file_ref idref="fl-e9"/>
      </object_component>
      <object_component id="oc-31c">
         <name>.const:.string:_ctypes_</name>
         <load_address>0x54f0</load_address>
         <run_address>0x54f0</run_address>
         <size>0x101</size>
         <input_file_ref idref="fl-ec"/>
      </object_component>
      <object_component id="oc-17e">
         <name>.const:.string:lineAddress$1</name>
         <load_address>0x55f1</load_address>
         <run_address>0x55f1</run_address>
         <size>0x4</size>
         <input_file_ref idref="fl-8"/>
      </object_component>
      <object_component id="oc-412">
         <name>.const:$O1$$</name>
         <load_address>0x55f8</load_address>
         <run_address>0x55f8</run_address>
         <size>0xc8</size>
         <input_file_ref idref="fl-106"/>
      </object_component>
      <object_component id="oc-32b">
         <name>.const:$O1$$</name>
         <load_address>0x56c0</load_address>
         <run_address>0x56c0</run_address>
         <size>0x10</size>
         <input_file_ref idref="fl-fd"/>
      </object_component>
      <object_component id="oc-17f">
         <name>.const:.string:lineAddresses$2</name>
         <load_address>0x56d0</load_address>
         <run_address>0x56d0</run_address>
         <size>0x4</size>
         <input_file_ref idref="fl-8"/>
      </object_component>
      <object_component id="oc-5ef">
         <name>.cinit..data.load</name>
         <load_address>0x56d8</load_address>
         <run_address>0x56d8</run_address>
         <size>0x6d</size>
      </object_component>
      <object_component id="oc-5ec">
         <name>__TI_handler_table</name>
         <load_address>0x5748</load_address>
         <run_address>0x5748</run_address>
         <size>0xc</size>
      </object_component>
      <object_component id="oc-5f0">
         <name>.cinit..bss.load</name>
         <load_address>0x5758</load_address>
         <run_address>0x5758</run_address>
         <size>0x8</size>
      </object_component>
      <object_component id="oc-5ee">
         <name>.cinit..vtable.load</name>
         <load_address>0x5760</load_address>
         <run_address>0x5760</run_address>
         <size>0x8</size>
      </object_component>
      <object_component id="oc-5ed">
         <name>__TI_cinit_table</name>
         <load_address>0x5768</load_address>
         <run_address>0x5768</run_address>
         <size>0x18</size>
      </object_component>
      <object_component id="oc-218">
         <name>.vtable</name>
         <uninitialized>true</uninitialized>
         <run_address>0x20000000</run_address>
         <size>0x26c</size>
         <input_file_ref idref="fl-11c"/>
      </object_component>
      <object_component id="oc-15e">
         <name>.data</name>
         <load_address>0x200026c8</load_address>
         <run_address>0x200026c8</run_address>
         <size>0x1</size>
         <input_file_ref idref="fl-3"/>
      </object_component>
      <object_component id="oc-188">
         <name>.data</name>
         <load_address>0x200026c9</load_address>
         <run_address>0x200026c9</run_address>
         <size>0x1</size>
         <input_file_ref idref="fl-4"/>
      </object_component>
      <object_component id="oc-109">
         <name>.data</name>
         <load_address>0x200026bc</load_address>
         <run_address>0x200026bc</run_address>
         <size>0x4</size>
         <input_file_ref idref="fl-7"/>
      </object_component>
      <object_component id="oc-18d">
         <name>.data</name>
         <load_address>0x200026c0</load_address>
         <run_address>0x200026c0</run_address>
         <size>0x4</size>
         <input_file_ref idref="fl-16"/>
      </object_component>
      <object_component id="oc-1fc">
         <name>.data:$O1$$</name>
         <load_address>0x200026a0</load_address>
         <run_address>0x200026a0</run_address>
         <size>0xc</size>
         <input_file_ref idref="fl-e9"/>
      </object_component>
      <object_component id="oc-1ab">
         <name>.data:$O1$$</name>
         <load_address>0x200026ac</load_address>
         <run_address>0x200026ac</run_address>
         <size>0x8</size>
         <input_file_ref idref="fl-ea"/>
      </object_component>
      <object_component id="oc-10c">
         <name>.data:_ftable</name>
         <load_address>0x200024d8</load_address>
         <run_address>0x200024d8</run_address>
         <size>0xf0</size>
         <input_file_ref idref="fl-ed"/>
      </object_component>
      <object_component id="oc-1c2">
         <name>.data</name>
         <load_address>0x20002690</load_address>
         <run_address>0x20002690</run_address>
         <size>0x10</size>
         <input_file_ref idref="fl-ed"/>
      </object_component>
      <object_component id="oc-563">
         <name>.data:$O1$$</name>
         <load_address>0x200026b4</load_address>
         <run_address>0x200026b4</run_address>
         <size>0x8</size>
         <input_file_ref idref="fl-f1"/>
      </object_component>
      <object_component id="oc-494">
         <name>.data:_device</name>
         <load_address>0x200025c8</load_address>
         <run_address>0x200025c8</run_address>
         <size>0x78</size>
         <input_file_ref idref="fl-f7"/>
      </object_component>
      <object_component id="oc-400">
         <name>.data:_stream</name>
         <load_address>0x20002640</load_address>
         <run_address>0x20002640</run_address>
         <size>0x50</size>
         <input_file_ref idref="fl-f7"/>
      </object_component>
      <object_component id="oc-3dc">
         <name>.data</name>
         <load_address>0x200026c4</load_address>
         <run_address>0x200026c4</run_address>
         <size>0x4</size>
         <input_file_ref idref="fl-fa"/>
      </object_component>
      <object_component id="oc-180">
         <name>.bss:lastbuffer$3</name>
         <uninitialized>true</uninitialized>
         <run_address>0x20002430</run_address>
         <size>0x54</size>
         <input_file_ref idref="fl-8"/>
      </object_component>
      <object_component id="oc-580">
         <name>.bss:_CIOBUF_</name>
         <uninitialized>true</uninitialized>
         <run_address>0x20002270</run_address>
         <size>0x120</size>
         <input_file_ref idref="fl-112"/>
      </object_component>
      <object_component id="oc-161">
         <name>.common:_timeout_ticks</name>
         <uninitialized>true</uninitialized>
         <run_address>0x200024c0</run_address>
         <size>0x4</size>
      </object_component>
      <object_component id="oc-10f">
         <name>.common:globaltestCommand</name>
         <uninitialized>true</uninitialized>
         <run_address>0x200024d4</run_address>
         <size>0x1</size>
      </object_component>
      <object_component id="oc-258">
         <name>.common:isr_int_value</name>
         <uninitialized>true</uninitialized>
         <run_address>0x200024c8</run_address>
         <size>0x4</size>
      </object_component>
      <object_component id="oc-260">
         <name>.common:risingEdge</name>
         <uninitialized>true</uninitialized>
         <run_address>0x200024d0</run_address>
         <size>0x4</size>
      </object_component>
      <object_component id="oc-25f">
         <name>.common:fallingEdge</name>
         <uninitialized>true</uninitialized>
         <run_address>0x200024c4</run_address>
         <size>0x4</size>
      </object_component>
      <object_component id="oc-261">
         <name>.common:pulseLength</name>
         <uninitialized>true</uninitialized>
         <run_address>0x200024cc</run_address>
         <size>0x4</size>
      </object_component>
      <object_component id="oc-25c">
         <name>.common:isRisingEdge</name>
         <uninitialized>true</uninitialized>
         <run_address>0x200024d5</run_address>
         <size>0x1</size>
      </object_component>
      <object_component id="oc-18a">
         <name>.common:isr_char_buffer</name>
         <uninitialized>true</uninitialized>
         <run_address>0x20002484</run_address>
         <size>0x34</size>
      </object_component>
      <object_component id="oc-57b">
         <name>.common:__TI_tmpnams</name>
         <uninitialized>true</uninitialized>
         <run_address>0x20002390</run_address>
         <size>0xa0</size>
      </object_component>
      <object_component id="oc-553">
         <name>.common:parmbuf</name>
         <uninitialized>true</uninitialized>
         <run_address>0x200024b8</run_address>
         <size>0x8</size>
      </object_component>
      <object_component id="oc-21">
         <name>.sysmem</name>
         <uninitialized>true</uninitialized>
         <run_address>0x20001270</run_address>
         <size>0x10</size>
         <input_file_ref idref="fl-f1"/>
      </object_component>
      <object_component id="oc-5f2">
         <name>.sysmem</name>
         <uninitialized>true</uninitialized>
         <run_address>0x20001270</run_address>
         <size>0x0</size>
      </object_component>
      <object_component id="oc-24">
         <name>.stack</name>
         <uninitialized>true</uninitialized>
         <run_address>0x20000270</run_address>
         <size>0x4</size>
         <input_file_ref idref="fl-f9"/>
      </object_component>
      <object_component id="oc-5f1">
         <name>.stack</name>
         <uninitialized>true</uninitialized>
         <run_address>0x20000270</run_address>
         <size>0x0</size>
      </object_component>
      <object_component id="oc-c2">
         <name>.debug_info</name>
         <load_address>0x0</load_address>
         <run_address>0x0</run_address>
         <size>0x2d5</size>
         <input_file_ref idref="fl-2"/>
      </object_component>
      <object_component id="oc-74">
         <name>.debug_info</name>
         <load_address>0x2d5</load_address>
         <run_address>0x2d5</run_address>
         <size>0x26b</size>
         <input_file_ref idref="fl-2"/>
      </object_component>
      <object_component id="oc-36">
         <name>.debug_info</name>
         <load_address>0x540</load_address>
         <run_address>0x540</run_address>
         <size>0x84</size>
         <input_file_ref idref="fl-2"/>
      </object_component>
      <object_component id="oc-bd">
         <name>.debug_info</name>
         <load_address>0x5c4</load_address>
         <run_address>0x5c4</run_address>
         <size>0x297</size>
         <input_file_ref idref="fl-2"/>
      </object_component>
      <object_component id="oc-79">
         <name>.debug_info</name>
         <load_address>0x85b</load_address>
         <run_address>0x85b</run_address>
         <size>0xbb</size>
         <input_file_ref idref="fl-2"/>
      </object_component>
      <object_component id="oc-153">
         <name>.debug_info</name>
         <load_address>0x916</load_address>
         <run_address>0x916</run_address>
         <size>0xcc</size>
         <input_file_ref idref="fl-2"/>
      </object_component>
      <object_component id="oc-183">
         <name>.debug_info</name>
         <load_address>0x9e2</load_address>
         <run_address>0x9e2</run_address>
         <size>0x2c</size>
         <input_file_ref idref="fl-2"/>
      </object_component>
      <object_component id="oc-162">
         <name>.debug_info</name>
         <load_address>0xa0e</load_address>
         <run_address>0xa0e</run_address>
         <size>0x2b5</size>
         <input_file_ref idref="fl-3"/>
      </object_component>
      <object_component id="oc-15f">
         <name>.debug_info</name>
         <load_address>0xcc3</load_address>
         <run_address>0xcc3</run_address>
         <size>0xc3</size>
         <input_file_ref idref="fl-3"/>
      </object_component>
      <object_component id="oc-d4">
         <name>.debug_info</name>
         <load_address>0xd86</load_address>
         <run_address>0xd86</run_address>
         <size>0x50b</size>
         <input_file_ref idref="fl-3"/>
      </object_component>
      <object_component id="oc-e1">
         <name>.debug_info</name>
         <load_address>0x1291</load_address>
         <run_address>0x1291</run_address>
         <size>0x178</size>
         <input_file_ref idref="fl-4"/>
      </object_component>
      <object_component id="oc-1d3">
         <name>.debug_info</name>
         <load_address>0x1409</load_address>
         <run_address>0x1409</run_address>
         <size>0x392</size>
         <input_file_ref idref="fl-5"/>
      </object_component>
      <object_component id="oc-fe">
         <name>.debug_info</name>
         <load_address>0x179b</load_address>
         <run_address>0x179b</run_address>
         <size>0x343</size>
         <input_file_ref idref="fl-5"/>
      </object_component>
      <object_component id="oc-1d4">
         <name>.debug_info</name>
         <load_address>0x1ade</load_address>
         <run_address>0x1ade</run_address>
         <size>0x5e</size>
         <input_file_ref idref="fl-5"/>
      </object_component>
      <object_component id="oc-110">
         <name>.debug_info</name>
         <load_address>0x1b3c</load_address>
         <run_address>0x1b3c</run_address>
         <size>0x4e0</size>
         <input_file_ref idref="fl-7"/>
      </object_component>
      <object_component id="oc-10a">
         <name>.debug_info</name>
         <load_address>0x201c</load_address>
         <run_address>0x201c</run_address>
         <size>0xdd</size>
         <input_file_ref idref="fl-7"/>
      </object_component>
      <object_component id="oc-a1">
         <name>.debug_info</name>
         <load_address>0x20f9</load_address>
         <run_address>0x20f9</run_address>
         <size>0x266</size>
         <input_file_ref idref="fl-7"/>
      </object_component>
      <object_component id="oc-182">
         <name>.debug_info</name>
         <load_address>0x235f</load_address>
         <run_address>0x235f</run_address>
         <size>0x37d</size>
         <input_file_ref idref="fl-8"/>
      </object_component>
      <object_component id="oc-167">
         <name>.debug_info</name>
         <load_address>0x26dc</load_address>
         <run_address>0x26dc</run_address>
         <size>0x118</size>
         <input_file_ref idref="fl-8"/>
      </object_component>
      <object_component id="oc-da">
         <name>.debug_info</name>
         <load_address>0x27f4</load_address>
         <run_address>0x27f4</run_address>
         <size>0x8a4</size>
         <input_file_ref idref="fl-8"/>
      </object_component>
      <object_component id="oc-263">
         <name>.debug_info</name>
         <load_address>0x3098</load_address>
         <run_address>0x3098</run_address>
         <size>0x8b</size>
         <input_file_ref idref="fl-9"/>
      </object_component>
      <object_component id="oc-2f">
         <name>.debug_info</name>
         <load_address>0x3123</load_address>
         <run_address>0x3123</run_address>
         <size>0x29f</size>
         <input_file_ref idref="fl-a"/>
      </object_component>
      <object_component id="oc-10">
         <name>.debug_info</name>
         <load_address>0x33c2</load_address>
         <run_address>0x33c2</run_address>
         <size>0xde</size>
         <input_file_ref idref="fl-a"/>
      </object_component>
      <object_component id="oc-28">
         <name>.debug_info</name>
         <load_address>0x34a0</load_address>
         <run_address>0x34a0</run_address>
         <size>0x25a</size>
         <input_file_ref idref="fl-a"/>
      </object_component>
      <object_component id="oc-1a4">
         <name>.debug_info</name>
         <load_address>0x36fa</load_address>
         <run_address>0x36fa</run_address>
         <size>0x39a</size>
         <input_file_ref idref="fl-12"/>
      </object_component>
      <object_component id="oc-ef">
         <name>.debug_info</name>
         <load_address>0x3a94</load_address>
         <run_address>0x3a94</run_address>
         <size>0x281</size>
         <input_file_ref idref="fl-12"/>
      </object_component>
      <object_component id="oc-26c">
         <name>.debug_info</name>
         <load_address>0x3d15</load_address>
         <run_address>0x3d15</run_address>
         <size>0x5e</size>
         <input_file_ref idref="fl-12"/>
      </object_component>
      <object_component id="oc-24b">
         <name>.debug_info</name>
         <load_address>0x3d73</load_address>
         <run_address>0x3d73</run_address>
         <size>0x26b</size>
         <input_file_ref idref="fl-12"/>
      </object_component>
      <object_component id="oc-36a">
         <name>.debug_info</name>
         <load_address>0x3fde</load_address>
         <run_address>0x3fde</run_address>
         <size>0x297</size>
         <input_file_ref idref="fl-12"/>
      </object_component>
      <object_component id="oc-246">
         <name>.debug_info</name>
         <load_address>0x4275</load_address>
         <run_address>0x4275</run_address>
         <size>0xbb</size>
         <input_file_ref idref="fl-12"/>
      </object_component>
      <object_component id="oc-259">
         <name>.debug_info</name>
         <load_address>0x4330</load_address>
         <run_address>0x4330</run_address>
         <size>0x2f1</size>
         <input_file_ref idref="fl-13"/>
      </object_component>
      <object_component id="oc-193">
         <name>.debug_info</name>
         <load_address>0x4621</load_address>
         <run_address>0x4621</run_address>
         <size>0x27b</size>
         <input_file_ref idref="fl-13"/>
      </object_component>
      <object_component id="oc-25d">
         <name>.debug_info</name>
         <load_address>0x489c</load_address>
         <run_address>0x489c</run_address>
         <size>0x3a8</size>
         <input_file_ref idref="fl-14"/>
      </object_component>
      <object_component id="oc-19a">
         <name>.debug_info</name>
         <load_address>0x4c44</load_address>
         <run_address>0x4c44</run_address>
         <size>0x263</size>
         <input_file_ref idref="fl-14"/>
      </object_component>
      <object_component id="oc-269">
         <name>.debug_info</name>
         <load_address>0x4ea7</load_address>
         <run_address>0x4ea7</run_address>
         <size>0x277</size>
         <input_file_ref idref="fl-15"/>
      </object_component>
      <object_component id="oc-1a1">
         <name>.debug_info</name>
         <load_address>0x511e</load_address>
         <run_address>0x511e</run_address>
         <size>0x269</size>
         <input_file_ref idref="fl-15"/>
      </object_component>
      <object_component id="oc-18b">
         <name>.debug_info</name>
         <load_address>0x5387</load_address>
         <run_address>0x5387</run_address>
         <size>0x32b</size>
         <input_file_ref idref="fl-16"/>
      </object_component>
      <object_component id="oc-18e">
         <name>.debug_info</name>
         <load_address>0x56b2</load_address>
         <run_address>0x56b2</run_address>
         <size>0xee</size>
         <input_file_ref idref="fl-16"/>
      </object_component>
      <object_component id="oc-e6">
         <name>.debug_info</name>
         <load_address>0x57a0</load_address>
         <run_address>0x57a0</run_address>
         <size>0x608</size>
         <input_file_ref idref="fl-16"/>
      </object_component>
      <object_component id="oc-1bb">
         <name>.debug_info</name>
         <load_address>0x5da8</load_address>
         <run_address>0x5da8</run_address>
         <size>0x3e6</size>
         <input_file_ref idref="fl-cc"/>
      </object_component>
      <object_component id="oc-1b5">
         <name>.debug_info</name>
         <load_address>0x618e</load_address>
         <run_address>0x618e</run_address>
         <size>0x158</size>
         <input_file_ref idref="fl-cc"/>
      </object_component>
      <object_component id="oc-1af">
         <name>.debug_info</name>
         <load_address>0x62e6</load_address>
         <run_address>0x62e6</run_address>
         <size>0x167</size>
         <input_file_ref idref="fl-cc"/>
      </object_component>
      <object_component id="oc-f2">
         <name>.debug_info</name>
         <load_address>0x644d</load_address>
         <run_address>0x644d</run_address>
         <size>0x1ad</size>
         <input_file_ref idref="fl-cc"/>
      </object_component>
      <object_component id="oc-2d8">
         <name>.debug_info</name>
         <load_address>0x65fa</load_address>
         <run_address>0x65fa</run_address>
         <size>0xb2</size>
         <input_file_ref idref="fl-cc"/>
      </object_component>
      <object_component id="oc-2b3">
         <name>.debug_info</name>
         <load_address>0x66ac</load_address>
         <run_address>0x66ac</run_address>
         <size>0x57c</size>
         <input_file_ref idref="fl-cd"/>
      </object_component>
      <object_component id="oc-27f">
         <name>.debug_info</name>
         <load_address>0x6c28</load_address>
         <run_address>0x6c28</run_address>
         <size>0x21f</size>
         <input_file_ref idref="fl-cd"/>
      </object_component>
      <object_component id="oc-3ad">
         <name>.debug_info</name>
         <load_address>0x6e47</load_address>
         <run_address>0x6e47</run_address>
         <size>0x1b4</size>
         <input_file_ref idref="fl-cd"/>
      </object_component>
      <object_component id="oc-3b3">
         <name>.debug_info</name>
         <load_address>0x6ffb</load_address>
         <run_address>0x6ffb</run_address>
         <size>0x21c</size>
         <input_file_ref idref="fl-cd"/>
      </object_component>
      <object_component id="oc-289">
         <name>.debug_info</name>
         <load_address>0x7217</load_address>
         <run_address>0x7217</run_address>
         <size>0x3bc</size>
         <input_file_ref idref="fl-cd"/>
      </object_component>
      <object_component id="oc-3b9">
         <name>.debug_info</name>
         <load_address>0x75d3</load_address>
         <run_address>0x75d3</run_address>
         <size>0x306</size>
         <input_file_ref idref="fl-cd"/>
      </object_component>
      <object_component id="oc-3bf">
         <name>.debug_info</name>
         <load_address>0x78d9</load_address>
         <run_address>0x78d9</run_address>
         <size>0x216</size>
         <input_file_ref idref="fl-cd"/>
      </object_component>
      <object_component id="oc-28f">
         <name>.debug_info</name>
         <load_address>0x7aef</load_address>
         <run_address>0x7aef</run_address>
         <size>0x216</size>
         <input_file_ref idref="fl-cd"/>
      </object_component>
      <object_component id="oc-295">
         <name>.debug_info</name>
         <load_address>0x7d05</load_address>
         <run_address>0x7d05</run_address>
         <size>0x305</size>
         <input_file_ref idref="fl-cd"/>
      </object_component>
      <object_component id="oc-29b">
         <name>.debug_info</name>
         <load_address>0x800a</load_address>
         <run_address>0x800a</run_address>
         <size>0x4b1</size>
         <input_file_ref idref="fl-cd"/>
      </object_component>
      <object_component id="oc-1a6">
         <name>.debug_info</name>
         <load_address>0x84bb</load_address>
         <run_address>0x84bb</run_address>
         <size>0x5f5</size>
         <input_file_ref idref="fl-cd"/>
      </object_component>
      <object_component id="oc-2b4">
         <name>.debug_info</name>
         <load_address>0x8ab0</load_address>
         <run_address>0x8ab0</run_address>
         <size>0x86</size>
         <input_file_ref idref="fl-cd"/>
      </object_component>
      <object_component id="oc-3e3">
         <name>.debug_info</name>
         <load_address>0x8b36</load_address>
         <run_address>0x8b36</run_address>
         <size>0x39</size>
         <input_file_ref idref="fl-cd"/>
      </object_component>
      <object_component id="oc-481">
         <name>.debug_info</name>
         <load_address>0x8b6f</load_address>
         <run_address>0x8b6f</run_address>
         <size>0xb6</size>
         <input_file_ref idref="fl-cd"/>
      </object_component>
      <object_component id="oc-3e8">
[...]
      </symbol>
      <symbol id="sm-45e">
         <name>__TI_doflush</name>
         <value>0x4ca9</value>
         <object_component_ref idref="oc-1bc"/>
      </symbol>
      <symbol id="sm-45f">
         <name>fflush</name>
         <value>0x4449</value>
         <object_component_ref idref="oc-f7"/>
      </symbol>
      <symbol id="sm-473">
         <name>getc</name>
         <value>0x4345</value>
         <object_component_ref idref="oc-334"/>
      </symbol>
      <symbol id="sm-474">
         <name>fgetc</name>
         <value>0x4345</value>
         <object_component_ref idref="oc-334"/>
      </symbol>
      <symbol id="sm-489">
         <name>putc</name>
         <value>0x4125</value>
         <object_component_ref idref="oc-2cf"/>
      </symbol>
      <symbol id="sm-48a">
         <name>fputc</name>
         <value>0x4125</value>
         <object_component_ref idref="oc-2cf"/>
      </symbol>
      <symbol id="sm-4ad">
         <name>fputs</name>
         <value>0x3571</value>
         <object_component_ref idref="oc-2c8"/>
      </symbol>
      <symbol id="sm-4c6">
         <name>__TI_buff_read</name>
         <value>0x3f55</value>
         <object_component_ref idref="oc-42c"/>
      </symbol>
      <symbol id="sm-4eb">
         <name>__TI_wrt_ok</name>
         <value>0x49dd</value>
         <object_component_ref idref="oc-3f0"/>
      </symbol>
      <symbol id="sm-4ec">
         <name>__TI_rd_ok</name>
         <value>0x4d41</value>
         <object_component_ref idref="oc-426"/>
      </symbol>
      <symbol id="sm-508">
         <name>setvbuf</name>
         <value>0x3c59</value>
         <object_component_ref idref="oc-43a"/>
      </symbol>
      <symbol id="sm-51c">
         <name>ungetc</name>
         <value>0x43c9</value>
         <object_component_ref idref="oc-33b"/>
      </symbol>
      <symbol id="sm-53c">
         <name>frexpl</name>
         <value>0x4915</value>
         <object_component_ref idref="oc-3c6"/>
      </symbol>
      <symbol id="sm-53d">
         <name>frexp</name>
         <value>0x4915</value>
         <object_component_ref idref="oc-3c6"/>
      </symbol>
      <symbol id="sm-55a">
         <name>scalbn</name>
         <value>0x3685</value>
         <object_component_ref idref="oc-3cc"/>
      </symbol>
      <symbol id="sm-55b">
         <name>scalbnl</name>
         <value>0x3685</value>
         <object_component_ref idref="oc-3cc"/>
      </symbol>
      <symbol id="sm-55c">
         <name>ldexpl</name>
         <value>0x3685</value>
         <object_component_ref idref="oc-3cc"/>
      </symbol>
      <symbol id="sm-55d">
         <name>ldexp</name>
         <value>0x3685</value>
         <object_component_ref idref="oc-3cc"/>
      </symbol>
      <symbol id="sm-56a">
         <name>__aeabi_uldivmod</name>
         <value>0x408d</value>
         <object_component_ref idref="oc-380"/>
      </symbol>
      <symbol id="sm-579">
         <name>__aeabi_memset</name>
         <value>0x4543</value>
         <object_component_ref idref="oc-93"/>
      </symbol>
      <symbol id="sm-57a">
         <name>memset</name>
         <value>0x4549</value>
         <object_component_ref idref="oc-93"/>
      </symbol>
      <symbol id="sm-57b">
         <name>__aeabi_memset8</name>
         <value>0x4543</value>
         <object_component_ref idref="oc-93"/>
      </symbol>
      <symbol id="sm-57c">
         <name>__aeabi_memset4</name>
         <value>0x4543</value>
         <object_component_ref idref="oc-93"/>
      </symbol>
      <symbol id="sm-57d">
         <name>__aeabi_memclr8</name>
         <value>0x4541</value>
         <object_component_ref idref="oc-93"/>
      </symbol>
      <symbol id="sm-57e">
         <name>__aeabi_memclr4</name>
         <value>0x4541</value>
         <object_component_ref idref="oc-93"/>
      </symbol>
      <symbol id="sm-57f">
         <name>__aeabi_memclr</name>
         <value>0x4541</value>
         <object_component_ref idref="oc-93"/>
      </symbol>
      <symbol id="sm-596">
         <name>__aeabi_dsub</name>
         <value>0x2bfd</value>
         <object_component_ref idref="oc-3a6"/>
      </symbol>
      <symbol id="sm-597">
         <name>__aeabi_dadd</name>
         <value>0x2c07</value>
         <object_component_ref idref="oc-3a6"/>
      </symbol>
      <symbol id="sm-5b9">
         <name>__aeabi_cdcmpeq</name>
         <value>0x4239</value>
         <object_component_ref idref="oc-283"/>
      </symbol>
      <symbol id="sm-5ba">
         <name>__aeabi_cdcmple</name>
         <value>0x4239</value>
         <object_component_ref idref="oc-283"/>
      </symbol>
      <symbol id="sm-5bb">
         <name>__aeabi_cdrcmple</name>
         <value>0x42bf</value>
         <object_component_ref idref="oc-391"/>
      </symbol>
      <symbol id="sm-5cf">
         <name>__aeabi_ddiv</name>
         <value>0x31e5</value>
         <object_component_ref idref="oc-38c"/>
      </symbol>
      <symbol id="sm-5da">
         <name>__aeabi_dmul</name>
         <value>0x38a5</value>
         <object_component_ref idref="oc-387"/>
      </symbol>
      <symbol id="sm-5e4">
         <name>__aeabi_d2iz</name>
         <value>0x4e1d</value>
         <object_component_ref idref="oc-396"/>
      </symbol>
      <symbol id="sm-5f0">
         <name>__aeabi_d2f</name>
         <value>0x469f</value>
         <object_component_ref idref="oc-30b"/>
      </symbol>
      <symbol id="sm-5fb">
         <name>__aeabi_f2d</name>
         <value>0x506d</value>
         <object_component_ref idref="oc-1c7"/>
      </symbol>
      <symbol id="sm-605">
         <name>__aeabi_i2d</name>
         <value>0x520d</value>
         <object_component_ref idref="oc-3a1"/>
      </symbol>
      <symbol id="sm-620">
         <name>memcpy</name>
         <value>0x3ff1</value>
         <object_component_ref idref="oc-3b"/>
      </symbol>
      <symbol id="sm-621">
         <name>__aeabi_memcpy</name>
         <value>0x3ff1</value>
         <object_component_ref idref="oc-3b"/>
      </symbol>
      <symbol id="sm-622">
         <name>__aeabi_memcpy8</name>
         <value>0x3ff1</value>
         <object_component_ref idref="oc-3b"/>
      </symbol>
      <symbol id="sm-623">
         <name>__aeabi_memcpy4</name>
         <value>0x3ff1</value>
         <object_component_ref idref="oc-3b"/>
      </symbol>
      <symbol id="sm-635">
         <name>__TI_zero_init</name>
         <value>0x5497</value>
         <object_component_ref idref="oc-4d"/>
      </symbol>
      <symbol id="sm-64c">
         <name>__TI_decompress_none</name>
         <value>0x547d</value>
         <object_component_ref idref="oc-18"/>
      </symbol>
      <symbol id="sm-66f">
         <name>__TI_decompress_lzss</name>
         <value>0x47dd</value>
         <object_component_ref idref="oc-12"/>
      </symbol>
      <symbol id="sm-695">
         <name>C$$EXIT</name>
         <value>0x54e7</value>
         <object_component_ref idref="oc-113"/>
      </symbol>
      <symbol id="sm-696">
         <name>abort</name>
         <value>0x54e7</value>
         <object_component_ref idref="oc-113"/>
      </symbol>
      <symbol id="sm-697">
         <name>__TI_dtors_ptr</name>
         <value>0x200026a4</value>
         <object_component_ref idref="oc-1fc"/>
      </symbol>
      <symbol id="sm-698">
         <name>__TI_cleanup_ptr</name>
         <value>0x200026a0</value>
         <object_component_ref idref="oc-1fc"/>
      </symbol>
      <symbol id="sm-699">
         <name>__TI_enable_exit_profile_output</name>
         <value>0x200026a8</value>
         <object_component_ref idref="oc-1fc"/>
      </symbol>
      <symbol id="sm-69a">
         <name>exit</name>
         <value>0x4d8d</value>
         <object_component_ref idref="oc-119"/>
      </symbol>
      <symbol id="sm-6af">
         <name>_nop</name>
         <value>0x17ab</value>
         <object_component_ref idref="oc-2be"/>
      </symbol>
      <symbol id="sm-6b0">
         <name>_lock</name>
         <value>0x200026ac</value>
         <object_component_ref idref="oc-1ab"/>
      </symbol>
      <symbol id="sm-6b1">
         <name>_unlock</name>
         <value>0x200026b0</value>
         <object_component_ref idref="oc-1ab"/>
      </symbol>
      <symbol id="sm-6c7">
         <name>atoi</name>
         <value>0x4cf5</value>
         <object_component_ref idref="oc-277"/>
      </symbol>
      <symbol id="sm-6d2">
         <name>_ctypes_</name>
         <value>0x54f0</value>
         <object_component_ref idref="oc-31c"/>
      </symbol>
      <symbol id="sm-6e7">
         <name>__TI_tmpnams</name>
         <value>0x20002390</value>
      </symbol>
      <symbol id="sm-6e8">
         <name>__aeabi_stdout</name>
         <value>0x20002698</value>
         <object_component_ref idref="oc-1c2"/>
      </symbol>
      <symbol id="sm-6e9">
         <name>__aeabi_stderr</name>
         <value>0x2000269c</value>
         <object_component_ref idref="oc-1c2"/>
      </symbol>
      <symbol id="sm-6ea">
         <name>__aeabi_stdin</name>
         <value>0x20002694</value>
         <object_component_ref idref="oc-1c2"/>
      </symbol>
      <symbol id="sm-6eb">
         <name>_ftable</name>
         <value>0x200024d8</value>
         <object_component_ref idref="oc-10c"/>
      </symbol>
      <symbol id="sm-6ec">
         <name>__TI_ft_end</name>
         <value>0x20002690</value>
         <object_component_ref idref="oc-1c2"/>
      </symbol>
      <symbol id="sm-6fb">
         <name>ltoa</name>
         <value>0x4c03</value>
         <object_component_ref idref="oc-39b"/>
      </symbol>
      <symbol id="sm-70b">
         <name>memccpy</name>
         <value>0x5345</value>
         <object_component_ref idref="oc-2a0"/>
      </symbol>
      <symbol id="sm-71b">
         <name>memchr</name>
         <value>0x5309</value>
         <object_component_ref idref="oc-3f6"/>
      </symbol>
      <symbol id="sm-7a2">
         <name>_sys_memory</name>
         <value>0x20001270</value>
         <object_component_ref idref="oc-21"/>
      </symbol>
      <symbol id="sm-7a3">
         <name>free</name>
         <value>0x3a95</value>
         <object_component_ref idref="oc-4c0"/>
      </symbol>
      <symbol id="sm-7a4">
         <name>memalign</name>
         <value>0x39a1</value>
         <object_component_ref idref="oc-533"/>
      </symbol>
      <symbol id="sm-7a5">
         <name>malloc</name>
         <value>0x54cd</value>
         <object_component_ref idref="oc-4c6"/>
      </symbol>
      <symbol id="sm-7a6">
         <name>aligned_alloc</name>
         <value>0x39a1</value>
         <object_component_ref idref="oc-533"/>
      </symbol>
      <symbol id="sm-7b6">
         <name>strchr</name>
         <value>0x540d</value>
         <object_component_ref idref="oc-325"/>
      </symbol>
      <symbol id="sm-7c5">
         <name>strcmp</name>
         <value>0x53dd</value>
         <object_component_ref idref="oc-172"/>
      </symbol>
      <symbol id="sm-7d3">
         <name>strcpy</name>
         <value>0x5423</value>
         <object_component_ref idref="oc-178"/>
      </symbol>
      <symbol id="sm-7e1">
         <name>strlen</name>
         <value>0x5437</value>
         <object_component_ref idref="oc-271"/>
      </symbol>
      <symbol id="sm-7fb">
         <name>write</name>
         <value>0x52e1</value>
         <object_component_ref idref="oc-2dd"/>
      </symbol>
      <symbol id="sm-80c">
         <name>_stream</name>
         <value>0x20002640</value>
         <object_component_ref idref="oc-400"/>
      </symbol>
      <symbol id="sm-80d">
         <name>_device</name>
         <value>0x200025c8</value>
         <object_component_ref idref="oc-494"/>
      </symbol>
      <symbol id="sm-81d">
         <name>read</name>
         <value>0x52b9</value>
         <object_component_ref idref="oc-432"/>
      </symbol>
      <symbol id="sm-830">
         <name>__stack</name>
         <value>0x20000270</value>
         <object_component_ref idref="oc-24"/>
      </symbol>
      <symbol id="sm-831">
         <name>_c_int00_noargs</name>
         <value>0x5179</value>
         <object_component_ref idref="oc-59"/>
      </symbol>
      <symbol id="sm-847">
         <name>__aeabi_errno_addr</name>
         <value>0x54c5</value>
         <object_component_ref idref="oc-2ac"/>
      </symbol>
      <symbol id="sm-848">
         <name>errno</name>
         <value>0x200026c4</value>
         <object_component_ref idref="oc-3dc"/>
      </symbol>
      <symbol id="sm-861">
         <name>wcslen</name>
         <value>0x544b</value>
         <object_component_ref idref="oc-2a6"/>
      </symbol>
      <symbol id="sm-86b">
         <name>copysign</name>
         <value>0x5361</value>
         <object_component_ref idref="oc-46c"/>
      </symbol>
      <symbol id="sm-86c">
         <name>copysignl</name>
         <value>0x5361</value>
         <object_component_ref idref="oc-46c"/>
      </symbol>
      <symbol id="sm-91d">
         <name>__TI_scanfi</name>
         <value>0x26d</value>
         <object_component_ref idref="oc-1d9"/>
      </symbol>
      <symbol id="sm-92d">
         <name>__TI_cleanup</name>
         <value>0x5111</value>
         <object_component_ref idref="oc-4cc"/>
      </symbol>
      <symbol id="sm-93f">
         <name>fseek</name>
         <value>0x4979</value>
         <object_component_ref idref="oc-486"/>
      </symbol>
      <symbol id="sm-949">
         <name>__aeabi_idiv0</name>
         <value>0x2db3</value>
         <object_component_ref idref="oc-453"/>
      </symbol>
      <symbol id="sm-94a">
         <name>__aeabi_ldiv0</name>
         <value>0x2db3</value>
         <object_component_ref idref="oc-453"/>
      </symbol>
      <symbol id="sm-972">
         <name>__TI_auto_init_nobinit_nopinit</name>
         <value>0x4eed</value>
         <object_component_ref idref="oc-11f"/>
      </symbol>
      <symbol id="sm-97c">
         <name>_system_pre_init</name>
         <value>0x54e3</value>
         <object_component_ref idref="oc-99"/>
      </symbol>
      <symbol id="sm-98d">
         <name>strrchr</name>
         <value>0x53f5</value>
         <object_component_ref idref="oc-31f"/>
      </symbol>
      <symbol id="sm-9ed">
         <name>strtold</name>
         <value>0x17ad</value>
         <object_component_ref idref="oc-305"/>
      </symbol>
      <symbol id="sm-9ee">
         <name>strtod</name>
         <value>0x17ad</value>
         <object_component_ref idref="oc-305"/>
      </symbol>
      <symbol id="sm-a12">
         <name>strtol</name>
         <value>0x331d</value>
         <object_component_ref idref="oc-310"/>
      </symbol>
      <symbol id="sm-a38">
         <name>strtoll</name>
         <value>0x2695</value>
         <object_component_ref idref="oc-316"/>
      </symbol>
      <symbol id="sm-a58">
         <name>strtoul</name>
         <value>0x3795</value>
         <object_component_ref idref="oc-2ff"/>
      </symbol>
      <symbol id="sm-a7b">
         <name>strtoull</name>
         <value>0x2f4d</value>
         <object_component_ref idref="oc-2f9"/>
      </symbol>
      <symbol id="sm-a8c">
         <name>HOSTclose</name>
         <value>0x4e65</value>
         <object_component_ref idref="oc-4fa"/>
      </symbol>
      <symbol id="sm-a9d">
         <name>HOSTlseek</name>
         <value>0x470d</value>
         <object_component_ref idref="oc-50c"/>
      </symbol>
      <symbol id="sm-aaf">
         <name>parmbuf</name>
         <value>0x200024b8</value>
      </symbol>
      <symbol id="sm-ab0">
         <name>HOSTopen</name>
         <value>0x4a41</value>
         <object_component_ref idref="oc-4f4"/>
      </symbol>
      <symbol id="sm-ac1">
         <name>HOSTread</name>
         <value>0x4afd</value>
         <object_component_ref idref="oc-500"/>
      </symbol>
      <symbol id="sm-ad2">
         <name>HOSTrename</name>
         <value>0x4775</value>
         <object_component_ref idref="oc-518"/>
      </symbol>
      <symbol id="sm-ae3">
         <name>HOSTunlink</name>
         <value>0x4ea9</value>
         <object_component_ref idref="oc-512"/>
      </symbol>
      <symbol id="sm-af4">
         <name>HOSTwrite</name>
         <value>0x4b55</value>
         <object_component_ref idref="oc-506"/>
      </symbol>
      <symbol id="sm-b18">
         <name>__TI_readmsg</name>
         <value>0x5145</value>
         <object_component_ref idref="oc-54d"/>
      </symbol>
      <symbol id="sm-b19">
         <name>C$$IO$$</name>
         <value>0x5063</value>
         <object_component_ref idref="oc-547"/>
      </symbol>
      <symbol id="sm-b1a">
         <name>__CIOBUF_</name>
         <value>0x20002270</value>
         <object_component_ref idref="oc-580"/>
      </symbol>
      <symbol id="sm-b1b">
         <name>__TI_writemsg</name>
         <value>0x5035</value>
         <object_component_ref idref="oc-547"/>
      </symbol>
      <symbol id="sm-b2c">
         <name>lseek</name>
         <value>0x5291</value>
         <object_component_ref idref="oc-4e8"/>
      </symbol>
      <symbol id="sm-b41">
         <name>__TI_closefile</name>
         <value>0x45bd</value>
         <object_component_ref idref="oc-53a"/>
      </symbol>
      <symbol id="sm-b64">
         <name>finddevice</name>
         <value>0x51dd</value>
         <object_component_ref idref="oc-5af"/>
      </symbol>
      <symbol id="sm-b65">
         <name>getdevice</name>
         <value>0x4f31</value>
         <object_component_ref idref="oc-599"/>
      </symbol>
      <symbol id="sm-b6e">
         <name>__aeabi_lmul</name>
         <value>0x53c5</value>
         <object_component_ref idref="oc-409"/>
      </symbol>
      <symbol id="sm-b7e">
         <name>strncpy</name>
         <value>0x50a5</value>
         <object_component_ref idref="oc-5a9"/>
      </symbol>
      <symbol id="sm-b93">
         <name>close</name>
         <value>0x4aa1</value>
         <object_component_ref idref="oc-56f"/>
      </symbol>
      <symbol id="sm-ba3">
         <name>unlink</name>
         <value>0x523d</value>
         <object_component_ref idref="oc-575"/>
      </symbol>
      <symbol id="sm-bc8">
         <name>IntRegister</name>
         <value>0x50dd</value>
         <object_component_ref idref="oc-158"/>
      </symbol>
      <symbol id="sm-bc9">
         <name>g_pfnRAMVectors</name>
         <value>0x20000000</value>
         <object_component_ref idref="oc-218"/>
      </symbol>
      <symbol id="sm-bca">
         <name>IntMasterEnable</name>
         <value>0x545d</value>
         <object_component_ref idref="oc-252"/>
      </symbol>
      <symbol id="sm-bd4">
         <name>CPUcpsie</name>
         <value>0x548b</value>
         <object_component_ref idref="oc-36f"/>
      </symbol>
      <symbol id="sm-bd5">
         <name>__TI_static_base__</name>
         <value>0x0</value>
      </symbol>
      <symbol id="sm-bd8">
         <name>__mpu_init</name>
         <value>0x0</value>
      </symbol>
      <symbol id="sm-bd9">
         <name>_system_post_cinit</name>
         <value>0x0</value>
      </symbol>
      <symbol id="sm-bda">
         <name>remove</name>
         <value>0x523d</value>
      </symbol>
   </symbol_table>
   <title>Link successful</title>
</link_info>
