******************************************************************************
                  TI ARM Linker PC v18.12.2                    
******************************************************************************
>> Linked Fri Feb 21 11:35:57 2020

OUTPUT FILE NAME:   <Lab4.1.out>
ENTRY POINT SYMBOL: "_c_int00_noargs"  address: 00005179


MEMORY CONFIGURATION

         name            origin    length      used     unused   attr    fill
----------------------  --------  ---------  --------  --------  ----  --------
  FLASH                 00000000   00040000  00005776  0003a88a  R  X
  SRAM                  20000000   00008000  000026c4  0000593c  RW X


SEGMENT ALLOCATION MAP

run origin  load origin   length   init length attrs members
----------  ----------- ---------- ----------- ----- -------
00000000    00000000    00005780   00005780    r-x
  00000000    00000000    0000026c   0000026c    r-- .intvecs
  0000026c    0000026c    0000527e   0000527e    r-x .text
  000054f0    000054f0    000001e4   000001e4    r-- .const
  000056d8    000056d8    000000a8   000000a8    r-- .cinit
20000000    20000000    000026ca   00000000    rw-
  20000000    20000000    0000026c   00000000    rw- .vtable
  20000270    20000270    00001000   00000000    rw- .stack
  20001270    20001270    00001000   00000000    rw- .sysmem
  20002270    20002270    00000266   00000000    rw- .bss
  200024d8    200024d8    000001f2   00000000    rw- .data


SECTION ALLOCATION MAP

 output                                  attributes/
section   page    origin      length       input sections
--------  ----  ----------  ----------   ----------------
.intvecs   0    00000000    0000026c     
                  00000000    0000026c     tm4c123gh6pm_startup_ccs.obj (.intvecs)

.text      0    0000026c    0000527e     
                  0000026c    00000af0     rtsv7M4_T_le_v4SPD16_eabi.lib : _scanfi.c.obj (.text:__TI_scanfi)
                  00000d5c    00000a4e                                   : _printfi.c.obj (.text:__TI_printfi)
                  000017aa    00000002                                   : _lock.c.obj (.text:_nop)
                  000017ac    00000460                                   : strtod.c.obj (.text:strtod)
                  00001c0c    00000328     lcd.obj (.text)
                  00001f34    000002a8     libcybotUART.lib : uart.obj (.text)
                  000021dc    00000270     rtsv7M4_T_le_v4SPD16_eabi.lib : _printfi.c.obj (.text:_pconv_a)
                  0000244c    00000248     Timer.obj (.text)
                  00002694    000001dc     rtsv7M4_T_le_v4SPD16_eabi.lib : strtoll.c.obj (.text:strtoll)
                  00002870    000001d0                                   : _printfi.c.obj (.text:_pconv_g)
                  00002a40    000001bc     libcybotScan.lib : ping.obj (.text)
                  00002bfc    000001b6     rtsv7M4_T_le_v4SPD16_eabi.lib : fd_add_t2.asm.obj (.text)
                  00002db2    00000002                                   : div0.asm.obj (.text)
                  00002db4    00000198     lab4_template.obj (.text)
                  00002f4c    0000015c     rtsv7M4_T_le_v4SPD16_eabi.lib : strtoull.c.obj (.text:strtoull)
                  000030a8    0000013c                                   : _printfi.c.obj (.text:_pconv_e)
                  000031e4    00000136                                   : fd_div_t2.asm.obj (.text)
                  0000331a    00000002     --HOLE-- [fill = 0]
                  0000331c    00000130                                   : strtol.c.obj (.text:strtol)
                  0000344c    00000124                                   : _printfi.c.obj (.text:fcvt)
                  00003570    00000114                                   : fputs.c.obj (.text:fputs)
                  00003684    00000110                                   : s_scalbn.c.obj (.text:scalbn)
                  00003794    00000110                                   : strtoul.c.obj (.text:strtoul)
                  000038a4    000000fc                                   : fd_mul_t2.asm.obj (.text)
                  000039a0    000000f4                                   : memory.c.obj (.text:aligned_alloc)
                  00003a94    000000e8                                   : memory.c.obj (.text:free)
                  00003b7c    000000dc     libcybotScan.lib : ir.obj (.text)
                  00003c58    000000dc     rtsv7M4_T_le_v4SPD16_eabi.lib : setvbuf.c.obj (.text:setvbuf)
                  00003d34    000000c4     libcybotScan.lib : servo.obj (.text)
                  00003df8    000000b1     rtsv7M4_T_le_v4SPD16_eabi.lib : _printfi.c.obj (.text:_ltostr)
                  00003ea9    00000003     --HOLE-- [fill = 0]
                  00003eac    000000a8     data.obj (.text)
                  00003f54    0000009c     rtsv7M4_T_le_v4SPD16_eabi.lib : _bufread.c.obj (.text:__TI_buff_read)
                  00003ff0    0000009c                                   : memcpy_t2.asm.obj (.text)
                  0000408c    00000096                                   : ull_div_t2.asm.obj (.text)
                  00004122    00000002     --HOLE-- [fill = 0]
                  00004124    0000008c                                   : fputc.c.obj (.text:fputc)
                  000041b0    00000088                                   : fscanf.c.obj (.text:_chkmbc)
                  00004238    00000086                                   : fd_cmp_t2.asm.obj (.text:__aeabi_cdcmple)
                  000042be    00000086                                   : fd_cmp_t2.asm.obj (.text:__aeabi_cdrcmple)
                  00004344    00000084                                   : fgetc.c.obj (.text:fgetc)
                  000043c8    00000080                                   : ungetc.c.obj (.text:ungetc)
                  00004448    0000007c                                   : fflush.c.obj (.text:fflush)
                  000044c4    0000007c                                   : memory.c.obj (.text:split)
                  00004540    0000007a                                   : memset_t2.asm.obj (.text)
                  000045ba    00000002     --HOLE-- [fill = 0]
                  000045bc    00000074                                   : fclose.c.obj (.text:__TI_closefile)
                  00004630    0000006e                                   : _printfi.c.obj (.text:_mcpy)
                  0000469e    0000006e                                   : fd_tos_t2.asm.obj (.text)
                  0000470c    00000068                                   : hostlseek.c.obj (.text:HOSTlseek)
                  00004774    00000068                                   : hostrename.c.obj (.text:HOSTrename)
                  000047dc    00000068                                   : copy_decompress_lzss.c.obj (.text:decompress:lzss:__TI_decompress_lzss)
                  00004844    00000068                                   : printf.c.obj (.text:printf)
                  000048ac    00000068                                   : fscanf.c.obj (.text:scanf)
                  00004914    00000064                                   : s_frexp.c.obj (.text:frexp)
                  00004978    00000064                                   : fseek.c.obj (.text:fseek)
                  000049dc    00000062                                   : _io_perm.c.obj (.text:__TI_wrt_ok)
                  00004a3e    00000002     --HOLE-- [fill = 0]
                  00004a40    00000060                                   : hostopen.c.obj (.text:HOSTopen)
                  00004aa0    0000005c                                   : close.c.obj (.text:close)
                  00004afc    00000058                                   : hostread.c.obj (.text:HOSTread)
                  00004b54    00000058                                   : hostwrite.c.obj (.text:HOSTwrite)
                  00004bac    00000056                                   : _printfi.c.obj (.text:_pconv_f)
                  00004c02    00000054                                   : ltoa.c.obj (.text:ltoa)
                  00004c56    00000052                                   : _printfi.c.obj (.text:_ecpy)
                  00004ca8    0000004c                                   : fflush.c.obj (.text:__TI_doflush)
                  00004cf4    0000004c                                   : atoi.c.obj (.text:atoi)
                  00004d40    0000004a                                   : _io_perm.c.obj (.text:__TI_rd_ok)
                  00004d8a    00000002     --HOLE-- [fill = 0]
                  00004d8c    00000048                                   : exit.c.obj (.text:exit)
                  00004dd4    00000048     libcybotScan.lib : cyBot_Scan.obj (.text)
                  00004e1c    00000048     rtsv7M4_T_le_v4SPD16_eabi.lib : fd_toi_t2.asm.obj (.text)
                  00004e64    00000044                                   : hostclose.c.obj (.text:HOSTclose)
                  00004ea8    00000044                                   : hostunlink.c.obj (.text:HOSTunlink)
                  00004eec    00000044                                   : autoinit.c.obj (.text:__TI_auto_init_nobinit_nopinit:__TI_auto_init_nobinit_nopinit)
                  00004f30    00000044                                   : getdevice.c.obj (.text:getdevice)
                  00004f74    00000040                                   : sprintf.c.obj (.text:sprintf)
                  00004fb4    00000040                                   : vsnprintf.c.obj (.text:vsnprintf)
                  00004ff4    0000003e                                   : _printfi.c.obj (.text:_fcpy)
                  00005032    00000002     --HOLE-- [fill = 0]
                  00005034    00000038                                   : trgmsg.c.obj (.text:__TI_writemsg)
                  0000506c    00000038                                   : fs_tod_t2.asm.obj (.text)
                  000050a4    00000036                                   : strncpy.c.obj (.text:strncpy)
                  000050da    00000002     --HOLE-- [fill = 0]
                  000050dc    00000034     driverlib.lib : interrupt.obj (.text:IntRegister)
                  00005110    00000034     rtsv7M4_T_le_v4SPD16_eabi.lib : fopen.c.obj (.text:__TI_cleanup)
                  00005144    00000034                                   : trgmsg.c.obj (.text:__TI_readmsg)
                  00005178    00000034                                   : boot_cortex_m.c.obj (.text:_c_int00_noargs:_c_int00_noargs)
                  000051ac    00000030                                   : vsnprintf.c.obj (.text:_outs)
                  000051dc    00000030                                   : getdevice.c.obj (.text:finddevice)
                  0000520c    0000002e                                   : i_tofd_t2.asm.obj (.text)
                  0000523a    00000002     --HOLE-- [fill = 0]
                  0000523c    0000002c                                   : unlink.c.obj (.text:unlink)
                  00005268    00000028                                   : memory.c.obj (.text:free_list_insert)
                  00005290    00000028                                   : lseek.c.obj (.text:lseek)
                  000052b8    00000028                                   : read.c.obj (.text:read)
                  000052e0    00000028                                   : write.c.obj (.text:write)
                  00005308    00000020                                   : memchr.c.obj (.text:memchr)
                  00005328    0000001c                                   : memory.c.obj (.text:free_list_remove)
                  00005344    0000001c                                   : memccpy.c.obj (.text:memccpy)
                  00005360    0000001a                                   : s_copysign.c.obj (.text:copysign)
                  0000537a    00000018                                   : vsnprintf.c.obj (.text:_outc)
                  00005392    00000018                                   : sprintf.c.obj (.text:_outs)
                  000053aa    00000002     --HOLE-- [fill = 0]
                  000053ac    00000018     button.obj (.text)
                  000053c4    00000018     rtsv7M4_T_le_v4SPD16_eabi.lib : ll_mul_t2.asm.obj (.text)
                  000053dc    00000018                                   : strcmp.c.obj (.text:strcmp)
                  000053f4    00000018                                   : strrchr.c.obj (.text:strrchr)
                  0000540c    00000016                                   : strchr.c.obj (.text:strchr)
                  00005422    00000014                                   : strcpy.c.obj (.text:strcpy)
                  00005436    00000014                                   : strlen.c.obj (.text:strlen)
                  0000544a    00000012                                   : wcslen.c.obj (.text:wcslen)
                  0000545c    00000010     driverlib.lib : interrupt.obj (.text:IntMasterEnable)
                  0000546c    00000010     lcd.obj (.text:lcd_clear)
                  0000547c    0000000e     rtsv7M4_T_le_v4SPD16_eabi.lib : copy_decompress_none.c.obj (.text:decompress:none:__TI_decompress_none)
                  0000548a    0000000c     driverlib.lib : cpu.obj (.text:CPUcpsie)
                  00005496    0000000c     rtsv7M4_T_le_v4SPD16_eabi.lib : copy_zero_init.c.obj (.text:decompress:ZI:__TI_zero_init)
                  000054a2    0000000c     tm4c123gh6pm_startup_ccs.obj (.text)
                  000054ae    0000000a     rtsv7M4_T_le_v4SPD16_eabi.lib : sprintf.c.obj (.text:_outc)
                  000054b8    0000000a                                   : fscanf.c.obj (.text:_uninpchar)
                  000054c2    00000002     --HOLE-- [fill = 0]
                  000054c4    00000008                                   : errno.c.obj (.text:__aeabi_errno_addr)
                  000054cc    00000008                                   : memory.c.obj (.text:malloc)
                  000054d4    00000006                                   : fscanf.c.obj (.text:_inpchar)
                  000054da    00000004                                   : printf.c.obj (.text:_outc)
                  000054de    00000004                                   : printf.c.obj (.text:_outs)
                  000054e2    00000004                                   : pre_init.c.obj (.text:_system_pre_init)
                  000054e6    00000004                                   : exit.c.obj (.text:abort:abort)

.const     0    000054f0    000001e4     
                  000054f0    00000101     rtsv7M4_T_le_v4SPD16_eabi.lib : ctype.c.obj (.const:.string:_ctypes_)
                  000055f1    00000004     lcd.obj (.const:.string:lineAddress$1)
                  000055f5    00000003     --HOLE-- [fill = 0]
                  000055f8    000000c8     rtsv7M4_T_le_v4SPD16_eabi.lib : strtod.c.obj (.const:$O1$$)
                  000056c0    00000010                                   : _scanfi.c.obj (.const:$O1$$)
                  000056d0    00000004     lcd.obj (.const:.string:lineAddresses$2)

.cinit     0    000056d8    000000a8     
                  000056d8    0000006d     (.cinit..data.load) [load image, compression = lzss]
                  00005745    00000003     --HOLE-- [fill = 0]
                  00005748    0000000c     (__TI_handler_table)
                  00005754    00000004     --HOLE-- [fill = 0]
                  00005758    00000008     (.cinit..bss.load) [load image, compression = zero_init]
                  00005760    00000008     (.cinit..vtable.load) [load image, compression = zero_init]
                  00005768    00000018     (__TI_cinit_table)

.init_array 
*          0    00000000    00000000     UNINITIALIZED

.vtable    0    20000000    0000026c     UNINITIALIZED
                  20000000    0000026c     driverlib.lib : interrupt.obj (.vtable)

.stack     0    20000270    00001000     UNINITIALIZED
                  20000270    00000004     rtsv7M4_T_le_v4SPD16_eabi.lib : boot_cortex_m.c.obj (.stack)
                  20000274    00000ffc     --HOLE--

.sysmem    0    20001270    00001000     UNINITIALIZED
                  20001270    00000010     rtsv7M4_T_le_v4SPD16_eabi.lib : memory.c.obj (.sysmem)
                  20001280    00000ff0     --HOLE--

.bss       0    20002270    00000266     UNINITIALIZED
                  20002270    00000120     rtsv7M4_T_le_v4SPD16_eabi.lib : trgmsg.c.obj (.bss:_CIOBUF_)
                  20002390    000000a0     (.common:__TI_tmpnams)
                  20002430    00000054     lcd.obj (.bss:lastbuffer$3)
                  20002484    00000034     (.common:isr_char_buffer)
                  200024b8    00000008     (.common:parmbuf)
                  200024c0    00000004     (.common:_timeout_ticks)
                  200024c4    00000004     (.common:fallingEdge)
                  200024c8    00000004     (.common:isr_int_value)
                  200024cc    00000004     (.common:pulseLength)
                  200024d0    00000004     (.common:risingEdge)
                  200024d4    00000001     (.common:globaltestCommand)
                  200024d5    00000001     (.common:isRisingEdge)

.data      0    200024d8    000001f2     UNINITIALIZED
                  200024d8    000000f0     rtsv7M4_T_le_v4SPD16_eabi.lib : defs.c.obj (.data:_ftable)
                  200025c8    00000078                                   : host_device.c.obj (.data:_device)
                  20002640    00000050                                   : host_device.c.obj (.data:_stream)
                  20002690    00000010                                   : defs.c.obj (.data)
                  200026a0    0000000c                                   : exit.c.obj (.data:$O1$$)
                  200026ac    00000008                                   : _lock.c.obj (.data:$O1$$)
                  200026b4    00000008                                   : memory.c.obj (.data:$O1$$)
                  200026bc    00000004     lab4_template.obj (.data)
                  200026c0    00000004     libcybotUART.lib : uart.obj (.data)
                  200026c4    00000004     rtsv7M4_T_le_v4SPD16_eabi.lib : errno.c.obj (.data)
                  200026c8    00000001     Timer.obj (.data)
                  200026c9    00000001     button.obj (.data)

MODULE SUMMARY

       Module                         code    ro data   rw data
       ------                         ----    -------   -------
    .\
       lcd.obj                        824     8         84     
       tm4c123gh6pm_startup_ccs.obj   12      620       0      
       Timer.obj                      584     0         5      
       lab4_template.obj              408     0         5      
       data.obj                       168     0         0      
       button.obj                     24      0         1      
    +--+------------------------------+-------+---------+---------+
       Total:                         2020    628       95     
                                                               
    ../libcybotScan.lib
       ping.obj                       444     0         13     
       ir.obj                         220     0         4      
       servo.obj                      196     0         0      
       cyBot_Scan.obj                 72      0         0      
    +--+------------------------------+-------+---------+---------+
       Total:                         932     0         17     
                                                               
    ../libcybotUART.lib
       uart.obj                       680     0         56     
    +--+------------------------------+-------+---------+---------+
       Total:                         680     0         56     
                                                               
    C:/ti/TivaWare_C_Series-2.1.4.178/driverlib/ccs/Debug/driverlib.lib
       interrupt.obj                  68      0         620    
       cpu.obj                        12      0         0      
    +--+------------------------------+-------+---------+---------+
       Total:                         80      0         620    
                                                               
    C:\ti\ccs910\ccs\tools\compiler\ti-cgt-arm_18.12.2.LTS\lib\rtsv7M4_T_le_v4SPD16_eabi.lib
       _printfi.c.obj                 4851    0         0      
       _scanfi.c.obj                  2800    16        0      
       strtod.c.obj                   1120    200       0      
       memory.c.obj                   676     0         8      
       strtoll.c.obj                  476     0         0      
       fd_add_t2.asm.obj              438     0         0      
       defs.c.obj                     0       0         416    
       trgmsg.c.obj                   108     0         288    
       strtoull.c.obj                 348     0         0      
       fd_div_t2.asm.obj              310     0         0      
       strtol.c.obj                   304     0         0      
       fputs.c.obj                    276     0         0      
       s_scalbn.c.obj                 272     0         0      
       strtoul.c.obj                  272     0         0      
       fd_cmp_t2.asm.obj              268     0         0      
       ctype.c.obj                    0       257       0      
       fscanf.c.obj                   256     0         0      
       fd_mul_t2.asm.obj              252     0         0      
       setvbuf.c.obj                  220     0         0      
       fflush.c.obj                   200     0         0      
       host_device.c.obj              0       0         200    
       _io_perm.c.obj                 172     0         0      
       _bufread.c.obj                 156     0         0      
       memcpy_t2.asm.obj              156     0         0      
       ull_div_t2.asm.obj             150     0         0      
       fputc.c.obj                    140     0         0      
       vsnprintf.c.obj                136     0         0      
       fgetc.c.obj                    132     0         0      
       ungetc.c.obj                   128     0         0      
       memset_t2.asm.obj              122     0         0      
       fclose.c.obj                   116     0         0      
       getdevice.c.obj                116     0         0      
       printf.c.obj                   112     0         0      
       fd_tos_t2.asm.obj              110     0         0      
       copy_decompress_lzss.c.obj     104     0         0      
       hostlseek.c.obj                104     0         0      
       hostopen.c.obj                 96      0         8      
       hostrename.c.obj               104     0         0      
       fseek.c.obj                    100     0         0      
       s_frexp.c.obj                  100     0         0      
       sprintf.c.obj                  98      0         0      
       close.c.obj                    92      0         0      
       exit.c.obj                     76      0         12     
       hostread.c.obj                 88      0         0      
       hostwrite.c.obj                88      0         0      
       ltoa.c.obj                     84      0         0      
       atoi.c.obj                     76      0         0      
       fd_toi_t2.asm.obj              72      0         0      
       autoinit.c.obj                 68      0         0      
       hostclose.c.obj                68      0         0      
       hostunlink.c.obj               68      0         0      
       fs_tod_t2.asm.obj              56      0         0      
       strncpy.c.obj                  54      0         0      
       boot_cortex_m.c.obj            52      0         0      
       fopen.c.obj                    52      0         0      
       i_tofd_t2.asm.obj              46      0         0      
       unlink.c.obj                   44      0         0      
       lseek.c.obj                    40      0         0      
       read.c.obj                     40      0         0      
       write.c.obj                    40      0         0      
       memchr.c.obj                   32      0         0      
       memccpy.c.obj                  28      0         0      
       s_copysign.c.obj               26      0         0      
       ll_mul_t2.asm.obj              24      0         0      
       strcmp.c.obj                   24      0         0      
       strrchr.c.obj                  24      0         0      
       strchr.c.obj                   22      0         0      
       strcpy.c.obj                   20      0         0      
       strlen.c.obj                   20      0         0      
       wcslen.c.obj                   18      0         0      
       copy_decompress_none.c.obj     14      0         0      
       copy_zero_init.c.obj           12      0         0      
       errno.c.obj                    8       0         4      
       _lock.c.obj                    2       0         8      
       pre_init.c.obj                 4       0         0      
       div0.asm.obj                   2       0         0      
    +--+------------------------------+-------+---------+---------+
       Total:                         17383   473       944    
                                                               
       Heap:                          0       0         4096   
       Stack:                         0       0         4096   
       Linker Generated:              0       161       0      
    +--+------------------------------+-------+---------+---------+
       Grand Total:                   21095   1262      9924   


LINKER GENERATED COPY TABLES

__TI_cinit_table @ 00005768 records: 3, size/record: 8, table size: 24
	.data: load addr=000056d8, load size=0000006d bytes, run addr=200024d8, run size=000001f2 bytes, compression=lzss
	.bss: load addr=00005758, load size=00000008 bytes, run addr=20002270, run size=00000266 bytes, compression=zero_init
	.vtable: load addr=00005760, load size=00000008 bytes, run addr=20000000, run size=0000026c bytes, compression=zero_init


LINKER GENERATED HANDLER TABLE

__TI_handler_table @ 00005748 records: 3, size/record: 4, table size: 12
	index: 0, handler: __TI_zero_init
	index: 1, handler: __TI_decompress_lzss
	index: 2, handler: __TI_decompress_none


GLOBAL SYMBOLS: SORTED ALPHABETICALLY BY Name 

address   name                           
-------   ----                           
00003c29  ADC0SS0_Handler                
000054e7  C$$EXIT                        
00005063  C$$IO$$                        
0000548b  CPUcpsie                       
00004e65  HOSTclose                      
0000470d  HOSTlseek                      
00004a41  HOSTopen                       
00004afd  HOSTread                       
00004775  HOSTrename                     
00004ea9  HOSTunlink                     
00004b55  HOSTwrite                      
0000545d  IntMasterEnable                
000050dd  IntRegister                    
000054a3  ResetISR                       
00002b7d  TIMER3B_Handler                
20002270  __CIOBUF_                      
20001270  __STACK_END                    
00001000  __STACK_SIZE                   
20000470  __STACK_TOP                    
00001000  __SYSMEM_SIZE                  
00005768  __TI_CINIT_Base                
00005780  __TI_CINIT_Limit               
00005748  __TI_Handler_Table_Base        
00005754  __TI_Handler_Table_Limit       
00004eed  __TI_auto_init_nobinit_nopinit 
00003f55  __TI_buff_read                 
00005111  __TI_cleanup                   
200026a0  __TI_cleanup_ptr               
000045bd  __TI_closefile                 
000047dd  __TI_decompress_lzss           
0000547d  __TI_decompress_none           
00004ca9  __TI_doflush                   
200026a4  __TI_dtors_ptr                 
200026a8  __TI_enable_exit_profile_output
20002690  __TI_ft_end                    
ffffffff  __TI_pprof_out_hndl            
00000d5d  __TI_printfi                   
ffffffff  __TI_prof_data_size            
ffffffff  __TI_prof_data_start           
00004d41  __TI_rd_ok                     
00005145  __TI_readmsg                   
0000026d  __TI_scanfi                    
00000000  __TI_static_base__             
20002390  __TI_tmpnams                   
00005035  __TI_writemsg                  
000049dd  __TI_wrt_ok                    
00005497  __TI_zero_init                 
00004239  __aeabi_cdcmpeq                
00004239  __aeabi_cdcmple                
000042bf  __aeabi_cdrcmple               
0000469f  __aeabi_d2f                    
00004e1d  __aeabi_d2iz                   
00002c07  __aeabi_dadd                   
000031e5  __aeabi_ddiv                   
000038a5  __aeabi_dmul                   
00002bfd  __aeabi_dsub                   
000054c5  __aeabi_errno_addr             
0000506d  __aeabi_f2d                    
0000520d  __aeabi_i2d                    
00002db3  __aeabi_idiv0                  
00002db3  __aeabi_ldiv0                  
000053c5  __aeabi_lmul                   
00004541  __aeabi_memclr                 
00004541  __aeabi_memclr4                
00004541  __aeabi_memclr8                
00003ff1  __aeabi_memcpy                 
00003ff1  __aeabi_memcpy4                
00003ff1  __aeabi_memcpy8                
00004543  __aeabi_memset                 
00004543  __aeabi_memset4                
00004543  __aeabi_memset8                
2000269c  __aeabi_stderr                 
20002694  __aeabi_stdin                  
20002698  __aeabi_stdout                 
0000408d  __aeabi_uldivmod               
ffffffff  __binit__                      
ffffffff  __c_args__                     
UNDEFED   __mpu_init                     
20000270  __stack                        
00005179  _c_int00_noargs                
000054f0  _ctypes_                       
200025c8  _device                        
200024d8  _ftable                        
200026ac  _lock                          
000017ab  _nop                           
200026c8  _running                       
20002640  _stream                        
20001270  _sys_memory                    
UNDEFED   _system_post_cinit             
000054e3  _system_pre_init               
200024c0  _timeout_ticks                 
200026b0  _unlock                        
000054e7  abort                          
000039a1  aligned_alloc                  
00004cf5  atoi                           
ffffffff  binit                          
000053bb  button_getButton               
000053ad  button_init                    
00004aa1  close                          
00005361  copysign                       
00005361  copysignl                      
00004de5  cyBOT_Scan                     
00004dd5  cyBOT_init_Scan                
00002181  cyBot_UART1_Handler            
00003ee7  cyBot_followCommand            
00002173  cyBot_getByte_blocking         
00002153  cyBot_getByte_nonblocking      
00001f35  cyBot_sendByte                 
00003ead  cyBot_sendData                 
00002139  cyBot_uart_flush               
000020a3  cyBot_uart_init                
00002043  cyBot_uart_init_PHJ_first_half 
00001feb  cyBot_uart_init_clean          
00001f73  cyBot_uart_init_last_half      
00001f5b  cyBot_uart_sendBuffer          
00001f41  cyBot_uart_sendStr             
200026c4  errno                          
00004d8d  exit                           
200024c4  fallingEdge                    
00004449  fflush                         
00004345  fgetc                          
000051dd  finddevice                     
00004125  fputc                          
00003571  fputs                          
00003a95  free                           
00004915  frexp                          
00004915  frexpl                         
00004979  fseek                          
20000000  g_pfnRAMVectors                
00000000  g_pfnVectors                   
00004345  getc                           
00004f31  getdevice                      
200026bc  globalCybotOnline              
200024d4  globaltestCommand              
00003bf9  ir_enableInterrupt             
00003bf1  ir_getDistance                 
00003bdd  ir_getValue                    
00003b7d  ir_init                        
200024d5  isRisingEdge                   
20002484  isr_char_buffer                
200026c0  isr_counter                    
200024c8  isr_int_value                  
0000546d  lcd_clear                      
00001de1  lcd_gotoLine                   
00001c49  lcd_init                       
00001e47  lcd_printf                     
00001d09  lcd_putc                       
00001d41  lcd_puts                       
00001c0d  lcd_reverseNibble              
00001d5f  lcd_sendCommand                
00001d9d  lcd_sendNibble                 
00001e09  lcd_setCursorPos               
00003685  ldexp                          
00003685  ldexpl                         
00005291  lseek                          
00004c03  ltoa                           
00002db5  main                           
000054cd  malloc                         
000039a1  memalign                       
00005345  memccpy                        
00005309  memchr                         
00003ff1  memcpy                         
00004549  memset                         
200024b8  parmbuf                        
00002b47  ping_getDistance               
00002aa5  ping_init                      
00002a41  ping_trigger                   
00004845  printf                         
200024cc  pulseLength                    
00004125  putc                           
000052b9  read                           
0000523d  remove                         
200024d0  risingEdge                     
00003685  scalbn                         
00003685  scalbnl                        
000048ad  scanf                          
00003d73  servo_init                     
00003d53  servo_move                     
00003d41  servo_setPWM                   
00003d35  servo_stop                     
00003c59  setvbuf                        
00004f75  sprintf                        
0000540d  strchr                         
000053dd  strcmp                         
00005423  strcpy                         
00005437  strlen                         
000050a5  strncpy                        
000053f5  strrchr                        
000017ad  strtod                         
0000331d  strtol                         
000017ad  strtold                        
00002695  strtoll                        
00003795  strtoul                        
00002f4d  strtoull                       
0000256b  timer_getMicros                
00002513  timer_getMillis                
0000244d  timer_init                     
000024ef  timer_pause                    
00002501  timer_resume                   
000024c5  timer_stop                     
000025c5  timer_waitMicros               
000025f9  timer_waitMillis               
000043c9  ungetc                         
0000523d  unlink                         
00004fb5  vsnprintf                      
0000544b  wcslen                         
000052e1  write                          


GLOBAL SYMBOLS: SORTED BY Symbol Address 

address   name                           
-------   ----                           
00000000  __TI_static_base__             
00000000  g_pfnVectors                   
0000026d  __TI_scanfi                    
00000d5d  __TI_printfi                   
00001000  __STACK_SIZE                   
00001000  __SYSMEM_SIZE                  
000017ab  _nop                           
000017ad  strtod                         
000017ad  strtold                        
00001c0d  lcd_reverseNibble              
00001c49  lcd_init                       
00001d09  lcd_putc                       
00001d41  lcd_puts                       
00001d5f  lcd_sendCommand                
00001d9d  lcd_sendNibble                 
00001de1  lcd_gotoLine                   
00001e09  lcd_setCursorPos               
00001e47  lcd_printf                     
00001f35  cyBot_sendByte                 
00001f41  cyBot_uart_sendStr             
00001f5b  cyBot_uart_sendBuffer          
00001f73  cyBot_uart_init_last_half      
00001feb  cyBot_uart_init_clean          
00002043  cyBot_uart_init_PHJ_first_half 
000020a3  cyBot_uart_init                
00002139  cyBot_uart_flush               
00002153  cyBot_getByte_nonblocking      
00002173  cyBot_getByte_blocking         
00002181  cyBot_UART1_Handler            
0000244d  timer_init                     
000024c5  timer_stop                     
000024ef  timer_pause                    
00002501  timer_resume                   
00002513  timer_getMillis                
0000256b  timer_getMicros                
000025c5  timer_waitMicros               
000025f9  timer_waitMillis               
00002695  strtoll                        
00002a41  ping_trigger                   
00002aa5  ping_init                      
00002b47  ping_getDistance               
00002b7d  TIMER3B_Handler                
00002bfd  __aeabi_dsub                   
00002c07  __aeabi_dadd                   
00002db3  __aeabi_idiv0                  
00002db3  __aeabi_ldiv0                  
00002db5  main                           
00002f4d  strtoull                       
000031e5  __aeabi_ddiv                   
0000331d  strtol                         
00003571  fputs                          
00003685  ldexp                          
00003685  ldexpl                         
00003685  scalbn                         
00003685  scalbnl                        
00003795  strtoul                        
000038a5  __aeabi_dmul                   
000039a1  aligned_alloc                  
000039a1  memalign                       
00003a95  free                           
00003b7d  ir_init                        
00003bdd  ir_getValue                    
00003bf1  ir_getDistance                 
00003bf9  ir_enableInterrupt             
00003c29  ADC0SS0_Handler                
00003c59  setvbuf                        
00003d35  servo_stop                     
00003d41  servo_setPWM                   
00003d53  servo_move                     
00003d73  servo_init                     
00003ead  cyBot_sendData                 
00003ee7  cyBot_followCommand            
00003f55  __TI_buff_read                 
00003ff1  __aeabi_memcpy                 
00003ff1  __aeabi_memcpy4                
00003ff1  __aeabi_memcpy8                
00003ff1  memcpy                         
0000408d  __aeabi_uldivmod               
00004125  fputc                          
00004125  putc                           
00004239  __aeabi_cdcmpeq                
00004239  __aeabi_cdcmple                
000042bf  __aeabi_cdrcmple               
00004345  fgetc                          
00004345  getc                           
000043c9  ungetc                         
00004449  fflush                         
00004541  __aeabi_memclr                 
00004541  __aeabi_memclr4                
00004541  __aeabi_memclr8                
00004543  __aeabi_memset                 
00004543  __aeabi_memset4                
00004543  __aeabi_memset8                
00004549  memset                         
000045bd  __TI_closefile                 
0000469f  __aeabi_d2f                    
0000470d  HOSTlseek                      
00004775  HOSTrename                     
000047dd  __TI_decompress_lzss           
00004845  printf                         
000048ad  scanf                          
00004915  frexp                          
00004915  frexpl                         
00004979  fseek                          
000049dd  __TI_wrt_ok                    
00004a41  HOSTopen                       
00004aa1  close                          
00004afd  HOSTread                       
00004b55  HOSTwrite                      
00004c03  ltoa                           
00004ca9  __TI_doflush                   
00004cf5  atoi                           
00004d41  __TI_rd_ok                     
00004d8d  exit                           
00004dd5  cyBOT_init_Scan                
00004de5  cyBOT_Scan                     
00004e1d  __aeabi_d2iz                   
00004e65  HOSTclose                      
00004ea9  HOSTunlink                     
00004eed  __TI_auto_init_nobinit_nopinit 
00004f31  getdevice                      
00004f75  sprintf                        
00004fb5  vsnprintf                      
00005035  __TI_writemsg                  
00005063  C$$IO$$                        
0000506d  __aeabi_f2d                    
000050a5  strncpy                        
000050dd  IntRegister                    
00005111  __TI_cleanup                   
00005145  __TI_readmsg                   
00005179  _c_int00_noargs                
000051dd  finddevice                     
0000520d  __aeabi_i2d                    
0000523d  remove                         
0000523d  unlink                         
00005291  lseek                          
000052b9  read                           
000052e1  write                          
00005309  memchr                         
00005345  memccpy                        
00005361  copysign                       
00005361  copysignl                      
000053ad  button_init                    
000053bb  button_getButton               
000053c5  __aeabi_lmul                   
000053dd  strcmp                         
000053f5  strrchr                        
0000540d  strchr                         
00005423  strcpy                         
00005437  strlen                         
0000544b  wcslen                         
0000545d  IntMasterEnable                
0000546d  lcd_clear                      
0000547d  __TI_decompress_none           
0000548b  CPUcpsie                       
00005497  __TI_zero_init                 
000054a3  ResetISR                       
000054c5  __aeabi_errno_addr             
000054cd  malloc                         
000054e3  _system_pre_init               
000054e7  C$$EXIT                        
000054e7  abort                          
000054f0  _ctypes_                       
00005748  __TI_Handler_Table_Base        
00005754  __TI_Handler_Table_Limit       
00005768  __TI_CINIT_Base                
00005780  __TI_CINIT_Limit               
20000000  g_pfnRAMVectors                
20000270  __stack                        
20000470  __STACK_TOP                    
20001270  __STACK_END                    
20001270  _sys_memory                    
20002270  __CIOBUF_                      
20002390  __TI_tmpnams                   
20002484  isr_char_buffer                
200024b8  parmbuf                        
200024c0  _timeout_ticks                 
200024c4  fallingEdge                    
200024c8  isr_int_value                  
200024cc  pulseLength                    
200024d0  risingEdge                     
200024d4  globaltestCommand              
200024d5  isRisingEdge                   
200024d8  _ftable                        
200025c8  _device                        
20002640  _stream                        
20002690  __TI_ft_end                    
20002694  __aeabi_stdin                  
20002698  __aeabi_stdout                 
2000269c  __aeabi_stderr                 
200026a0  __TI_cleanup_ptr               
200026a4  __TI_dtors_ptr                 
200026a8  __TI_enable_exit_profile_output
200026ac  _lock                          
200026b0  _unlock                        
200026bc  globalCybotOnline              
200026c0  isr_counter                    
200026c4  errno                          
200026c8  _running                       
ffffffff  __TI_pprof_out_hndl            
ffffffff  __TI_prof_data_size            
ffffffff  __TI_prof_data_start           
ffffffff  __binit__                      
ffffffff  __c_args__                     
ffffffff  binit                          
UNDEFED   __mpu_init                     
UNDEFED   _system_post_cinit             

[207 symbols]
